Oct 16 01:46:51 ip-172-31-46-198 kernel: Command line: BOOT_IMAGE=(hd0,gpt1)/boot/vmlinuz-6.1.153-175.280.amzn2023.x86_64 root=UUID=de5c5998-22a2-4734-85d8-c8f972ff40e9 ro console=tty0 console=ttyS0,115200n8 nvme_core.io_timeout=4294967295 rd.emergency=poweroff rd.shell=0 selinux=1 security=selinux quiet
Oct 16 01:46:51 ip-172-31-46-198 kernel: KASLR disabled
Oct 16 01:46:51 ip-172-31-46-198 kernel: BIOS-provided physical RAM map:
Oct 16 01:46:51 ip-172-31-46-198 kernel: BIOS-e820: [mem 0x0000000000000000-0x000000000009dfff] usable
Oct 16 01:46:51 ip-172-31-46-198 kernel: BIOS-e820: [mem 0x000000000009e000-0x000000000009ffff] reserved
Oct 16 01:46:51 ip-172-31-46-198 kernel: BIOS-e820: [mem 0x00000000000e0000-0x00000000000fffff] reserved
Oct 16 01:46:51 ip-172-31-46-198 kernel: BIOS-e820: [mem 0x0000000000100000-0x000000003fffffff] usable
Oct 16 01:46:51 ip-172-31-46-198 kernel: BIOS-e820: [mem 0x00000000fc000000-0x00000000ffffffff] reserved
Oct 16 01:46:51 ip-172-31-46-198 kernel: NX (Execute Disable) protection: active
Oct 16 01:46:51 ip-172-31-46-198 kernel: SMBIOS 2.7 present.
Oct 16 01:46:51 ip-172-31-46-198 kernel: DMI: Xen HVM domU, BIOS 4.11.amazon 08/24/2006
Oct 16 01:46:51 ip-172-31-46-198 kernel: Hypervisor detected: Xen HVM
Oct 16 01:46:51 ip-172-31-46-198 kernel: Xen version 4.11.
Oct 16 01:46:51 ip-172-31-46-198 kernel: platform_pci_unplug: Netfront and the Xen platform PCI driver have been compiled for this kernel: unplug emulated NICs.
Oct 16 01:46:51 ip-172-31-46-198 kernel: platform_pci_unplug: Blkfront and the Xen platform PCI driver have been compiled for this kernel: unplug emulated disks.#012You might have to change the root device#012from /dev/hd[a-d] to /dev/xvd[a-d]#012in your root= kernel command line option
Oct 16 01:46:51 ip-172-31-46-198 kernel: tsc: Fast TSC calibration using PIT
Oct 16 01:46:51 ip-172-31-46-198 kernel: tsc: Detected 2300.053 MHz processor
Oct 16 01:46:51 ip-172-31-46-198 kernel: tsc: Detected 2300.008 MHz TSC
Oct 16 01:46:51 ip-172-31-46-198 kernel: last_pfn = 0x40000 max_arch_pfn = 0x400000000
Oct 16 01:46:51 ip-172-31-46-198 kernel: x86/PAT: Configuration [0-7]: WB  WC  UC- UC  WB  WP  UC- WT  
Oct 16 01:46:51 ip-172-31-46-198 kernel: found SMP MP-table at [mem 0x000fb9a0-0x000fb9af]
Oct 16 01:46:51 ip-172-31-46-198 kernel: RAMDISK: [mem 0x35901000-0x36c77fff]
Oct 16 01:46:51 ip-172-31-46-198 kernel: ACPI: Early table checksum verification disabled
Oct 16 01:46:51 ip-172-31-46-198 kernel: ACPI: RSDP 0x00000000000EA020 000024 (v02 Xen   )
Oct 16 01:46:51 ip-172-31-46-198 kernel: ACPI: XSDT 0x00000000FC00C780 000054 (v01 Xen    HVM      00000000 HVML 00000000)
Oct 16 01:46:51 ip-172-31-46-198 kernel: ACPI: FACP 0x00000000FC00C440 0000F4 (v04 Xen    HVM      00000000 HVML 00000000)
Oct 16 01:46:51 ip-172-31-46-198 kernel: ACPI: DSDT 0x00000000FC003940 008A7E (v02 Xen    HVM      00000000 INTL 20090123)
Oct 16 01:46:51 ip-172-31-46-198 kernel: ACPI: FACS 0x00000000FC003900 000040
Oct 16 01:46:51 ip-172-31-46-198 kernel: ACPI: FACS 0x00000000FC003900 000040
Oct 16 01:46:51 ip-172-31-46-198 kernel: ACPI: APIC 0x00000000FC00C540 0000D8 (v02 Xen    HVM      00000000 HVML 00000000)
Oct 16 01:46:51 ip-172-31-46-198 kernel: ACPI: HPET 0x00000000FC00C690 000038 (v01 Xen    HVM      00000000 HVML 00000000)
Oct 16 01:46:51 ip-172-31-46-198 kernel: ACPI: WAET 0x00000000FC00C6D0 000028 (v01 Xen    HVM      00000000 HVML 00000000)
Oct 16 01:46:51 ip-172-31-46-198 kernel: ACPI: SSDT 0x00000000FC00C700 000031 (v02 Xen    HVM      00000000 INTL 20090123)
Oct 16 01:46:51 ip-172-31-46-198 kernel: ACPI: SSDT 0x00000000FC00C740 000033 (v02 Xen    HVM      00000000 INTL 20090123)
Oct 16 01:46:51 ip-172-31-46-198 kernel: ACPI: Reserving FACP table memory at [mem 0xfc00c440-0xfc00c533]
Oct 16 01:46:51 ip-172-31-46-198 kernel: ACPI: Reserving DSDT table memory at [mem 0xfc003940-0xfc00c3bd]
Oct 16 01:46:51 ip-172-31-46-198 kernel: ACPI: Reserving FACS table memory at [mem 0xfc003900-0xfc00393f]
Oct 16 01:46:51 ip-172-31-46-198 kernel: ACPI: Reserving FACS table memory at [mem 0xfc003900-0xfc00393f]
Oct 16 01:46:51 ip-172-31-46-198 kernel: ACPI: Reserving APIC table memory at [mem 0xfc00c540-0xfc00c617]
Oct 16 01:46:51 ip-172-31-46-198 kernel: ACPI: Reserving HPET table memory at [mem 0xfc00c690-0xfc00c6c7]
Oct 16 01:46:51 ip-172-31-46-198 kernel: ACPI: Reserving WAET table memory at [mem 0xfc00c6d0-0xfc00c6f7]
Oct 16 01:46:51 ip-172-31-46-198 kernel: ACPI: Reserving SSDT table memory at [mem 0xfc00c700-0xfc00c730]
Oct 16 01:46:51 ip-172-31-46-198 kernel: ACPI: Reserving SSDT table memory at [mem 0xfc00c740-0xfc00c772]
Oct 16 01:46:51 ip-172-31-46-198 kernel: No NUMA configuration found
Oct 16 01:46:51 ip-172-31-46-198 kernel: Faking a node at [mem 0x0000000000000000-0x000000003fffffff]
Oct 16 01:46:51 ip-172-31-46-198 kernel: NODE_DATA(0) allocated [mem 0x3ffd5000-0x3fffffff]
Oct 16 01:46:51 ip-172-31-46-198 kernel: Zone ranges:
Oct 16 01:46:51 ip-172-31-46-198 kernel:  DMA      [mem 0x0000000000001000-0x0000000000ffffff]
Oct 16 01:46:51 ip-172-31-46-198 kernel:  DMA32    [mem 0x0000000001000000-0x000000003fffffff]
Oct 16 01:46:51 ip-172-31-46-198 kernel:  Normal   empty
Oct 16 01:46:51 ip-172-31-46-198 kernel:  Device   empty
Oct 16 01:46:51 ip-172-31-46-198 kernel: Movable zone start for each node
Oct 16 01:46:51 ip-172-31-46-198 kernel: Early memory node ranges
Oct 16 01:46:51 ip-172-31-46-198 kernel:  node   0: [mem 0x0000000000001000-0x000000000009dfff]
Oct 16 01:46:51 ip-172-31-46-198 kernel:  node   0: [mem 0x0000000000100000-0x000000003fffffff]
Oct 16 01:46:51 ip-172-31-46-198 kernel: Initmem setup node 0 [mem 0x0000000000001000-0x000000003fffffff]
Oct 16 01:46:51 ip-172-31-46-198 kernel: On node 0, zone DMA: 1 pages in unavailable ranges
Oct 16 01:46:51 ip-172-31-46-198 kernel: On node 0, zone DMA: 98 pages in unavailable ranges
Oct 16 01:46:51 ip-172-31-46-198 kernel: ACPI: PM-Timer IO Port: 0xb008
Oct 16 01:46:51 ip-172-31-46-198 kernel: IOAPIC[0]: apic_id 1, version 17, address 0xfec00000, GSI 0-47
Oct 16 01:46:51 ip-172-31-46-198 kernel: ACPI: INT_SRC_OVR (bus 0 bus_irq 0 global_irq 2 dfl dfl)
Oct 16 01:46:51 ip-172-31-46-198 kernel: ACPI: INT_SRC_OVR (bus 0 bus_irq 5 global_irq 5 low level)
Oct 16 01:46:51 ip-172-31-46-198 kernel: ACPI: INT_SRC_OVR (bus 0 bus_irq 10 global_irq 10 low level)
Oct 16 01:46:51 ip-172-31-46-198 kernel: ACPI: INT_SRC_OVR (bus 0 bus_irq 11 global_irq 11 low level)
Oct 16 01:46:51 ip-172-31-46-198 kernel: ACPI: Using ACPI (MADT) for SMP configuration information
Oct 16 01:46:51 ip-172-31-46-198 kernel: ACPI: HPET id: 0x8086a201 base: 0xfed00000
Oct 16 01:46:51 ip-172-31-46-198 kernel: TSC deadline timer available
Oct 16 01:46:51 ip-172-31-46-198 kernel: smpboot: Allowing 15 CPUs, 14 hotplug CPUs
Oct 16 01:46:51 ip-172-31-46-198 kernel: PM: hibernation: Registered nosave memory: [mem 0x00000000-0x00000fff]
Oct 16 01:46:51 ip-172-31-46-198 kernel: PM: hibernation: Registered nosave memory: [mem 0x0009e000-0x000fffff]
Oct 16 01:46:51 ip-172-31-46-198 kernel: [mem 0x40000000-0xfbffffff] available for PCI devices
Oct 16 01:46:51 ip-172-31-46-198 kernel: Booting paravirtualized kernel on Xen HVM
Oct 16 01:46:51 ip-172-31-46-198 kernel: clocksource: refined-jiffies: mask: 0xffffffff max_cycles: 0xffffffff, max_idle_ns: 19112604462750000 ns
Oct 16 01:46:51 ip-172-31-46-198 kernel: setup_percpu: NR_CPUS:8192 nr_cpumask_bits:15 nr_cpu_ids:15 nr_node_ids:1
Oct 16 01:46:51 ip-172-31-46-198 kernel: percpu: Embedded 60 pages/cpu s208896 r8192 d28672 u262144
Oct 16 01:46:51 ip-172-31-46-198 kernel: PV qspinlock hash table entries: 256 (order: 0, 4096 bytes, linear)
Oct 16 01:46:51 ip-172-31-46-198 kernel: Fallback order for Node 0: 0 
Oct 16 01:46:51 ip-172-31-46-198 kernel: Built 1 zonelists, mobility grouping on.  Total pages: 257792
Oct 16 01:46:51 ip-172-31-46-198 kernel: Policy zone: DMA32
Oct 16 01:46:51 ip-172-31-46-198 kernel: Kernel command line: BOOT_IMAGE=(hd0,gpt1)/boot/vmlinuz-6.1.153-175.280.amzn2023.x86_64 root=UUID=de5c5998-22a2-4734-85d8-c8f972ff40e9 ro console=tty0 console=ttyS0,115200n8 nvme_core.io_timeout=4294967295 rd.emergency=poweroff rd.shell=0 selinux=1 security=selinux quiet
Oct 16 01:46:51 ip-172-31-46-198 kernel: Unknown kernel command line parameters "BOOT_IMAGE=(hd0,gpt1)/boot/vmlinuz-6.1.153-175.280.amzn2023.x86_64", will be passed to user space.
Oct 16 01:46:51 ip-172-31-46-198 kernel: random: crng init done
Oct 16 01:46:51 ip-172-31-46-198 kernel: Dentry cache hash table entries: 131072 (order: 8, 1048576 bytes, linear)
Oct 16 01:46:51 ip-172-31-46-198 kernel: Inode-cache hash table entries: 65536 (order: 7, 524288 bytes, linear)
Oct 16 01:46:51 ip-172-31-46-198 kernel: mem auto-init: stack:off, heap alloc:off, heap free:off
Oct 16 01:46:51 ip-172-31-46-198 kernel: Memory: 199372K/1048180K available (14347K kernel code, 9303K rwdata, 8912K rodata, 2452K init, 18672K bss, 103804K reserved, 0K cma-reserved)
Oct 16 01:46:51 ip-172-31-46-198 kernel: SLUB: HWalign=64, Order=0-3, MinObjects=0, CPUs=15, Nodes=1
Oct 16 01:46:51 ip-172-31-46-198 kernel: Kernel/User page tables isolation: enabled
Oct 16 01:46:51 ip-172-31-46-198 kernel: ftrace: allocating 41861 entries in 164 pages
Oct 16 01:46:51 ip-172-31-46-198 kernel: ftrace: allocated 164 pages with 3 groups
Oct 16 01:46:51 ip-172-31-46-198 kernel: Dynamic Preempt: none
Oct 16 01:46:51 ip-172-31-46-198 kernel: rcu: Preemptible hierarchical RCU implementation.
Oct 16 01:46:51 ip-172-31-46-198 kernel: rcu: #011RCU restricting CPUs from NR_CPUS=8192 to nr_cpu_ids=15.
Oct 16 01:46:51 ip-172-31-46-198 kernel: #011Trampoline variant of Tasks RCU enabled.
Oct 16 01:46:51 ip-172-31-46-198 kernel: #011Rude variant of Tasks RCU enabled.
Oct 16 01:46:51 ip-172-31-46-198 kernel: #011Tracing variant of Tasks RCU enabled.
Oct 16 01:46:51 ip-172-31-46-198 kernel: rcu: RCU calculated value of scheduler-enlistment delay is 10 jiffies.
Oct 16 01:46:51 ip-172-31-46-198 kernel: rcu: Adjusting geometry for rcu_fanout_leaf=16, nr_cpu_ids=15
Oct 16 01:46:51 ip-172-31-46-198 kernel: NR_IRQS: 524544, nr_irqs: 952, preallocated irqs: 16
Oct 16 01:46:51 ip-172-31-46-198 kernel: xen:events: Using 2-level ABI
Oct 16 01:46:51 ip-172-31-46-198 kernel: xen:events: Xen HVM callback vector for event delivery is enabled
Oct 16 01:46:51 ip-172-31-46-198 kernel: rcu: srcu_init: Setting srcu_struct sizes based on contention.
Oct 16 01:46:51 ip-172-31-46-198 kernel: Console: colour VGA+ 80x25
Oct 16 01:46:51 ip-172-31-46-198 kernel: printk: console [tty0] enabled
Oct 16 01:46:51 ip-172-31-46-198 kernel: Cannot get hvm parameter CONSOLE_EVTCHN (18): -22!
Oct 16 01:46:51 ip-172-31-46-198 kernel: printk: console [ttyS0] enabled
Oct 16 01:46:51 ip-172-31-46-198 kernel: ACPI: Core revision 20220331
Oct 16 01:46:51 ip-172-31-46-198 kernel: clocksource: hpet: mask: 0xffffffff max_cycles: 0xffffffff, max_idle_ns: 30580167144 ns
Oct 16 01:46:51 ip-172-31-46-198 kernel: APIC: Switch to symmetric I/O mode setup
Oct 16 01:46:51 ip-172-31-46-198 kernel: x2apic: IRQ remapping doesn't support X2APIC mode
Oct 16 01:46:51 ip-172-31-46-198 kernel: Switched APIC routing to physical flat.
Oct 16 01:46:51 ip-172-31-46-198 kernel: ..TIMER: vector=0x30 apic1=0 pin1=2 apic2=0 pin2=0
Oct 16 01:46:51 ip-172-31-46-198 kernel: clocksource: tsc-early: mask: 0xffffffffffffffff max_cycles: 0x21273cea6a0, max_idle_ns: 440795295103 ns
Oct 16 01:46:51 ip-172-31-46-198 kernel: Calibrating delay loop (skipped), value calculated using timer frequency.. 4600.01 BogoMIPS (lpj=23000080)
Oct 16 01:46:51 ip-172-31-46-198 kernel: Last level iTLB entries: 4KB 64, 2MB 8, 4MB 8
Oct 16 01:46:51 ip-172-31-46-198 kernel: Last level dTLB entries: 4KB 64, 2MB 32, 4MB 32, 1GB 4
Oct 16 01:46:51 ip-172-31-46-198 kernel: Spectre V1 : Mitigation: usercopy/swapgs barriers and __user pointer sanitization
Oct 16 01:46:51 ip-172-31-46-198 kernel: Spectre V2 : Mitigation: Retpolines
Oct 16 01:46:51 ip-172-31-46-198 kernel: Spectre V2 : Spectre v2 / SpectreRSB: Filling RSB on context switch and VMEXIT
Oct 16 01:46:51 ip-172-31-46-198 kernel: Speculative Store Bypass: Vulnerable
Oct 16 01:46:51 ip-172-31-46-198 kernel: MDS: Vulnerable: Clear CPU buffers attempted, no microcode
Oct 16 01:46:51 ip-172-31-46-198 kernel: MMIO Stale Data: Vulnerable: Clear CPU buffers attempted, no microcode
Oct 16 01:46:51 ip-172-31-46-198 kernel: active return thunk: its_return_thunk
Oct 16 01:46:51 ip-172-31-46-198 kernel: ITS: Mitigation: Aligned branch/return thunks
Oct 16 01:46:51 ip-172-31-46-198 kernel: x86/fpu: Supporting XSAVE feature 0x001: 'x87 floating point registers'
Oct 16 01:46:51 ip-172-31-46-198 kernel: x86/fpu: Supporting XSAVE feature 0x002: 'SSE registers'
Oct 16 01:46:51 ip-172-31-46-198 kernel: x86/fpu: Supporting XSAVE feature 0x004: 'AVX registers'
Oct 16 01:46:51 ip-172-31-46-198 kernel: x86/fpu: xstate_offset[2]:  576, xstate_sizes[2]:  256
Oct 16 01:46:51 ip-172-31-46-198 kernel: x86/fpu: Enabled xstate features 0x7, context size is 832 bytes, using 'standard' format.
Oct 16 01:46:51 ip-172-31-46-198 kernel: pid_max: default: 32768 minimum: 301
Oct 16 01:46:51 ip-172-31-46-198 kernel: LSM: Security Framework initializing
Oct 16 01:46:51 ip-172-31-46-198 kernel: landlock: Up and running.
Oct 16 01:46:51 ip-172-31-46-198 kernel: Yama: becoming mindful.
Oct 16 01:46:51 ip-172-31-46-198 kernel: SELinux:  Initializing.
Oct 16 01:46:51 ip-172-31-46-198 kernel: LSM support for eBPF active
Oct 16 01:46:51 ip-172-31-46-198 kernel: Mount-cache hash table entries: 2048 (order: 2, 16384 bytes, linear)
Oct 16 01:46:51 ip-172-31-46-198 kernel: Mountpoint-cache hash table entries: 2048 (order: 2, 16384 bytes, linear)
Oct 16 01:46:51 ip-172-31-46-198 kernel: clocksource: xen: mask: 0xffffffffffffffff max_cycles: 0x1cd42e4dffb, max_idle_ns: 881590591483 ns
Oct 16 01:46:51 ip-172-31-46-198 kernel: installing Xen timer for CPU 0
Oct 16 01:46:51 ip-172-31-46-198 kernel: smpboot: CPU0: Intel(R) Xeon(R) CPU E5-2686 v4 @ 2.30GHz (family: 0x6, model: 0x4f, stepping: 0x1)
Oct 16 01:46:51 ip-172-31-46-198 kernel: cpu 0 spinlock event irq 53
Oct 16 01:46:51 ip-172-31-46-198 kernel: cblist_init_generic: Setting adjustable number of callback queues.
Oct 16 01:46:51 ip-172-31-46-198 kernel: cblist_init_generic: Setting shift to 4 and lim to 1.
Oct 16 01:46:51 ip-172-31-46-198 kernel: cblist_init_generic: Setting adjustable number of callback queues.
Oct 16 01:46:51 ip-172-31-46-198 kernel: cblist_init_generic: Setting shift to 4 and lim to 1.
Oct 16 01:46:51 ip-172-31-46-198 kernel: cblist_init_generic: Setting adjustable number of callback queues.
Oct 16 01:46:51 ip-172-31-46-198 kernel: cblist_init_generic: Setting shift to 4 and lim to 1.
Oct 16 01:46:51 ip-172-31-46-198 kernel: Performance Events: unsupported p6 CPU model 79 no PMU driver, software events only.
Oct 16 01:46:51 ip-172-31-46-198 kernel: signal: max sigframe size: 1776
Oct 16 01:46:51 ip-172-31-46-198 kernel: rcu: Hierarchical SRCU implementation.
Oct 16 01:46:51 ip-172-31-46-198 kernel: rcu: #011Max phase no-delay instances is 1000.
Oct 16 01:46:51 ip-172-31-46-198 kernel: smp: Bringing up secondary CPUs ...
Oct 16 01:46:51 ip-172-31-46-198 kernel: smp: Brought up 1 node, 1 CPU
Oct 16 01:46:51 ip-172-31-46-198 kernel: smpboot: Max logical packages: 15
Oct 16 01:46:51 ip-172-31-46-198 kernel: smpboot: Total of 1 processors activated (4600.01 BogoMIPS)
Oct 16 01:46:51 ip-172-31-46-198 kernel: node 0 deferred pages initialised in 0ms
Oct 16 01:46:51 ip-172-31-46-198 kernel: devtmpfs: initialized
Oct 16 01:46:51 ip-172-31-46-198 kernel: x86/mm: Memory block size: 128MB
Oct 16 01:46:51 ip-172-31-46-198 kernel: clocksource: jiffies: mask: 0xffffffff max_cycles: 0xffffffff, max_idle_ns: 19112604462750000 ns
Oct 16 01:46:51 ip-172-31-46-198 kernel: futex hash table entries: 4096 (order: 6, 262144 bytes, linear)
Oct 16 01:46:51 ip-172-31-46-198 kernel: NET: Registered PF_NETLINK/PF_ROUTE protocol family
Oct 16 01:46:51 ip-172-31-46-198 kernel: DMA: preallocated 128 KiB GFP_KERNEL pool for atomic allocations
Oct 16 01:46:51 ip-172-31-46-198 kernel: DMA: preallocated 128 KiB GFP_KERNEL|GFP_DMA pool for atomic allocations
Oct 16 01:46:51 ip-172-31-46-198 kernel: DMA: preallocated 128 KiB GFP_KERNEL|GFP_DMA32 pool for atomic allocations
Oct 16 01:46:51 ip-172-31-46-198 kernel: audit: initializing netlink subsys (disabled)
Oct 16 01:46:51 ip-172-31-46-198 kernel: thermal_sys: Registered thermal governor 'fair_share'
Oct 16 01:46:51 ip-172-31-46-198 kernel: thermal_sys: Registered thermal governor 'step_wise'
Oct 16 01:46:51 ip-172-31-46-198 kernel: thermal_sys: Registered thermal governor 'user_space'
Oct 16 01:46:51 ip-172-31-46-198 kernel: cpuidle: using governor ladder
Oct 16 01:46:51 ip-172-31-46-198 kernel: cpuidle: using governor menu
Oct 16 01:46:51 ip-172-31-46-198 kernel: acpiphp: ACPI Hot Plug PCI Controller Driver version: 0.5
Oct 16 01:46:51 ip-172-31-46-198 kernel: PCI: Using configuration type 1 for base access
Oct 16 01:46:51 ip-172-31-46-198 kernel: kprobes: kprobe jump-optimization is enabled. All kprobes are optimized if possible.
Oct 16 01:46:51 ip-172-31-46-198 kernel: audit: type=2000 audit(1760579211.078:1): state=initialized audit_enabled=0 res=1
Oct 16 01:46:51 ip-172-31-46-198 kernel: HugeTLB: registered 2.00 MiB page size, pre-allocated 0 pages
Oct 16 01:46:51 ip-172-31-46-198 kernel: HugeTLB: 28 KiB vmemmap can be freed for a 2.00 MiB page
Oct 16 01:46:51 ip-172-31-46-198 kernel: cryptd: max_cpu_qlen set to 1000
Oct 16 01:46:51 ip-172-31-46-198 kernel: ACPI: Added _OSI(Module Device)
Oct 16 01:46:51 ip-172-31-46-198 kernel: ACPI: Added _OSI(Processor Device)
Oct 16 01:46:51 ip-172-31-46-198 kernel: ACPI: Added _OSI(Processor Aggregator Device)
Oct 16 01:46:51 ip-172-31-46-198 kernel: ACPI: 3 ACPI AML tables successfully acquired and loaded
Oct 16 01:46:51 ip-172-31-46-198 kernel: ACPI: Interpreter enabled
Oct 16 01:46:51 ip-172-31-46-198 kernel: ACPI: PM: (supports S0 S4 S5)
Oct 16 01:46:51 ip-172-31-46-198 kernel: ACPI: Using IOAPIC for interrupt routing
Oct 16 01:46:51 ip-172-31-46-198 kernel: PCI: Using host bridge windows from ACPI; if necessary, use "pci=nocrs" and report a bug
Oct 16 01:46:51 ip-172-31-46-198 kernel: PCI: Using E820 reservations for host bridge windows
Oct 16 01:46:51 ip-172-31-46-198 kernel: ACPI: Enabled 2 GPEs in block 00 to 0F
Oct 16 01:46:51 ip-172-31-46-198 kernel: ACPI: PCI Root Bridge [PCI0] (domain 0000 [bus 00-ff])
Oct 16 01:46:51 ip-172-31-46-198 kernel: acpi PNP0A03:00: _OSC: OS supports [ASPM ClockPM Segments MSI HPX-Type3]
Oct 16 01:46:51 ip-172-31-46-198 kernel: acpi PNP0A03:00: _OSC: not requesting OS control; OS requires [ExtendedConfig ASPM ClockPM MSI]
Oct 16 01:46:51 ip-172-31-46-198 kernel: acpi PNP0A03:00: fail to add MMCONFIG information, can't access extended PCI configuration space under this bridge.
Oct 16 01:46:51 ip-172-31-46-198 kernel: acpiphp: Slot [0] registered
Oct 16 01:46:51 ip-172-31-46-198 kernel: acpiphp: Slot [3] registered
Oct 16 01:46:51 ip-172-31-46-198 kernel: acpiphp: Slot [4] registered
Oct 16 01:46:51 ip-172-31-46-198 kernel: acpiphp: Slot [5] registered
Oct 16 01:46:51 ip-172-31-46-198 kernel: acpiphp: Slot [6] registered
Oct 16 01:46:51 ip-172-31-46-198 kernel: acpiphp: Slot [7] registered
Oct 16 01:46:51 ip-172-31-46-198 kernel: acpiphp: Slot [8] registered
Oct 16 01:46:51 ip-172-31-46-198 kernel: acpiphp: Slot [9] registered
Oct 16 01:46:51 ip-172-31-46-198 kernel: acpiphp: Slot [10] registered
Oct 16 01:46:51 ip-172-31-46-198 kernel: acpiphp: Slot [11] registered
Oct 16 01:46:51 ip-172-31-46-198 kernel: acpiphp: Slot [12] registered
Oct 16 01:46:51 ip-172-31-46-198 kernel: acpiphp: Slot [13] registered
Oct 16 01:46:51 ip-172-31-46-198 kernel: acpiphp: Slot [14] registered
Oct 16 01:46:51 ip-172-31-46-198 kernel: acpiphp: Slot [15] registered
Oct 16 01:46:51 ip-172-31-46-198 kernel: acpiphp: Slot [16] registered
Oct 16 01:46:51 ip-172-31-46-198 kernel: acpiphp: Slot [17] registered
Oct 16 01:46:51 ip-172-31-46-198 kernel: acpiphp: Slot [18] registered
Oct 16 01:46:51 ip-172-31-46-198 kernel: acpiphp: Slot [19] registered
Oct 16 01:46:51 ip-172-31-46-198 kernel: acpiphp: Slot [20] registered
Oct 16 01:46:51 ip-172-31-46-198 kernel: acpiphp: Slot [21] registered
Oct 16 01:46:51 ip-172-31-46-198 kernel: acpiphp: Slot [22] registered
Oct 16 01:46:51 ip-172-31-46-198 kernel: acpiphp: Slot [23] registered
Oct 16 01:46:51 ip-172-31-46-198 kernel: acpiphp: Slot [24] registered
Oct 16 01:46:51 ip-172-31-46-198 kernel: acpiphp: Slot [25] registered
Oct 16 01:46:51 ip-172-31-46-198 kernel: acpiphp: Slot [26] registered
Oct 16 01:46:51 ip-172-31-46-198 kernel: acpiphp: Slot [27] registered
Oct 16 01:46:51 ip-172-31-46-198 kernel: acpiphp: Slot [28] registered
Oct 16 01:46:51 ip-172-31-46-198 kernel: acpiphp: Slot [29] registered
Oct 16 01:46:51 ip-172-31-46-198 kernel: acpiphp: Slot [30] registered
Oct 16 01:46:51 ip-172-31-46-198 kernel: acpiphp: Slot [31] registered
Oct 16 01:46:51 ip-172-31-46-198 kernel: PCI host bridge to bus 0000:00
Oct 16 01:46:51 ip-172-31-46-198 kernel: pci_bus 0000:00: root bus resource [io  0x0000-0x0cf7 window]
Oct 16 01:46:51 ip-172-31-46-198 kernel: pci_bus 0000:00: root bus resource [io  0x0d00-0xffff window]
Oct 16 01:46:51 ip-172-31-46-198 kernel: pci_bus 0000:00: root bus resource [mem 0x000a0000-0x000bffff window]
Oct 16 01:46:51 ip-172-31-46-198 kernel: pci_bus 0000:00: root bus resource [mem 0xf0000000-0xfbffffff window]
Oct 16 01:46:51 ip-172-31-46-198 kernel: pci_bus 0000:00: root bus resource [bus 00-ff]
Oct 16 01:46:51 ip-172-31-46-198 kernel: pci 0000:00:00.0: [8086:1237] type 00 class 0x060000
Oct 16 01:46:51 ip-172-31-46-198 kernel: pci 0000:00:01.0: [8086:7000] type 00 class 0x060100
Oct 16 01:46:51 ip-172-31-46-198 kernel: pci 0000:00:01.1: [8086:7010] type 00 class 0x010180
Oct 16 01:46:51 ip-172-31-46-198 kernel: pci 0000:00:01.1: reg 0x20: [io  0xc100-0xc10f]
Oct 16 01:46:51 ip-172-31-46-198 kernel: pci 0000:00:01.1: legacy IDE quirk: reg 0x10: [io  0x01f0-0x01f7]
Oct 16 01:46:51 ip-172-31-46-198 kernel: pci 0000:00:01.1: legacy IDE quirk: reg 0x14: [io  0x03f6]
Oct 16 01:46:51 ip-172-31-46-198 kernel: pci 0000:00:01.1: legacy IDE quirk: reg 0x18: [io  0x0170-0x0177]
Oct 16 01:46:51 ip-172-31-46-198 kernel: pci 0000:00:01.1: legacy IDE quirk: reg 0x1c: [io  0x0376]
Oct 16 01:46:51 ip-172-31-46-198 kernel: * Found PM-Timer Bug on the chipset. Due to workarounds for a bug,#012* this clock source is slow. Consider trying other clock sources
Oct 16 01:46:51 ip-172-31-46-198 kernel: pci 0000:00:01.3: [8086:7113] type 00 class 0x068000
Oct 16 01:46:51 ip-172-31-46-198 kernel: pci 0000:00:01.3: quirk: [io  0xb000-0xb03f] claimed by PIIX4 ACPI
Oct 16 01:46:51 ip-172-31-46-198 kernel: pci 0000:00:02.0: [1013:00b8] type 00 class 0x030000
Oct 16 01:46:51 ip-172-31-46-198 kernel: pci 0000:00:02.0: reg 0x10: [mem 0xf0000000-0xf1ffffff pref]
Oct 16 01:46:51 ip-172-31-46-198 kernel: pci 0000:00:02.0: reg 0x14: [mem 0xf3000000-0xf3000fff]
Oct 16 01:46:51 ip-172-31-46-198 kernel: pci 0000:00:02.0: Video device with shadowed ROM at [mem 0x000c0000-0x000dffff]
Oct 16 01:46:51 ip-172-31-46-198 kernel: pci 0000:00:03.0: [5853:0001] type 00 class 0xff8000
Oct 16 01:46:51 ip-172-31-46-198 kernel: pci 0000:00:03.0: reg 0x10: [io  0xc000-0xc0ff]
Oct 16 01:46:51 ip-172-31-46-198 kernel: pci 0000:00:03.0: reg 0x14: [mem 0xf2000000-0xf2ffffff pref]
Oct 16 01:46:51 ip-172-31-46-198 kernel: ACPI: PCI: Interrupt link LNKA configured for IRQ 5
Oct 16 01:46:51 ip-172-31-46-198 kernel: ACPI: PCI: Interrupt link LNKB configured for IRQ 10
Oct 16 01:46:51 ip-172-31-46-198 kernel: ACPI: PCI: Interrupt link LNKC configured for IRQ 11
Oct 16 01:46:51 ip-172-31-46-198 kernel: ACPI: PCI: Interrupt link LNKD configured for IRQ 5
Oct 16 01:46:51 ip-172-31-46-198 kernel: xen:balloon: Initialising balloon driver
Oct 16 01:46:51 ip-172-31-46-198 kernel: iommu: Default domain type: Translated 
Oct 16 01:46:51 ip-172-31-46-198 kernel: iommu: DMA domain TLB invalidation policy: lazy mode 
Oct 16 01:46:51 ip-172-31-46-198 kernel: pps_core: LinuxPPS API ver. 1 registered
Oct 16 01:46:51 ip-172-31-46-198 kernel: pps_core: Software ver. 5.3.6 - Copyright 2005-2007 Rodolfo Giometti <giometti@linux.it>
Oct 16 01:46:51 ip-172-31-46-198 kernel: PTP clock support registered
Oct 16 01:46:51 ip-172-31-46-198 kernel: EDAC MC: Ver: 3.0.0
Oct 16 01:46:51 ip-172-31-46-198 kernel: NetLabel: Initializing
Oct 16 01:46:51 ip-172-31-46-198 kernel: NetLabel:  domain hash size = 128
Oct 16 01:46:51 ip-172-31-46-198 kernel: NetLabel:  protocols = UNLABELED CIPSOv4 CALIPSO
Oct 16 01:46:51 ip-172-31-46-198 kernel: NetLabel:  unlabeled traffic allowed by default
Oct 16 01:46:51 ip-172-31-46-198 kernel: PCI: Using ACPI for IRQ routing
Oct 16 01:46:51 ip-172-31-46-198 kernel: hpet: 3 channels of 0 reserved for per-cpu timers
Oct 16 01:46:51 ip-172-31-46-198 kernel: hpet0: at MMIO 0xfed00000, IRQs 2, 8, 0
Oct 16 01:46:51 ip-172-31-46-198 kernel: hpet0: 3 comparators, 64-bit 62.500000 MHz counter
Oct 16 01:46:51 ip-172-31-46-198 kernel: clocksource: Switched to clocksource xen
Oct 16 01:46:51 ip-172-31-46-198 kernel: VFS: Disk quotas dquot_6.6.0
Oct 16 01:46:51 ip-172-31-46-198 kernel: VFS: Dquot-cache hash table entries: 512 (order 0, 4096 bytes)
Oct 16 01:46:51 ip-172-31-46-198 kernel: pnp: PnP ACPI init
Oct 16 01:46:51 ip-172-31-46-198 kernel: system 00:00: [mem 0x00000000-0x0009ffff] could not be reserved
Oct 16 01:46:51 ip-172-31-46-198 kernel: system 00:01: [io  0x08a0-0x08a3] has been reserved
Oct 16 01:46:51 ip-172-31-46-198 kernel: system 00:01: [io  0x0cc0-0x0ccf] has been reserved
Oct 16 01:46:51 ip-172-31-46-198 kernel: system 00:01: [io  0x04d0-0x04d1] has been reserved
Oct 16 01:46:51 ip-172-31-46-198 kernel: system 00:07: [io  0x10c0-0x1141] has been reserved
Oct 16 01:46:51 ip-172-31-46-198 kernel: system 00:07: [io  0xb044-0xb047] has been reserved
Oct 16 01:46:51 ip-172-31-46-198 kernel: pnp: PnP ACPI: found 8 devices
Oct 16 01:46:51 ip-172-31-46-198 kernel: clocksource: acpi_pm: mask: 0xffffff max_cycles: 0xffffff, max_idle_ns: 2085701024 ns
Oct 16 01:46:51 ip-172-31-46-198 kernel: NET: Registered PF_INET protocol family
Oct 16 01:46:51 ip-172-31-46-198 kernel: IP idents hash table entries: 16384 (order: 5, 131072 bytes, linear)
Oct 16 01:46:51 ip-172-31-46-198 kernel: tcp_listen_portaddr_hash hash table entries: 512 (order: 1, 8192 bytes, linear)
Oct 16 01:46:51 ip-172-31-46-198 kernel: Table-perturb hash table entries: 65536 (order: 6, 262144 bytes, linear)
Oct 16 01:46:51 ip-172-31-46-198 kernel: TCP established hash table entries: 8192 (order: 4, 65536 bytes, linear)
Oct 16 01:46:51 ip-172-31-46-198 kernel: TCP bind hash table entries: 8192 (order: 6, 262144 bytes, linear)
Oct 16 01:46:51 ip-172-31-46-198 kernel: TCP: Hash tables configured (established 8192 bind 8192)
Oct 16 01:46:51 ip-172-31-46-198 kernel: MPTCP token hash table entries: 1024 (order: 2, 24576 bytes, linear)
Oct 16 01:46:51 ip-172-31-46-198 kernel: UDP hash table entries: 512 (order: 2, 16384 bytes, linear)
Oct 16 01:46:51 ip-172-31-46-198 kernel: UDP-Lite hash table entries: 512 (order: 2, 16384 bytes, linear)
Oct 16 01:46:51 ip-172-31-46-198 kernel: NET: Registered PF_UNIX/PF_LOCAL protocol family
Oct 16 01:46:51 ip-172-31-46-198 kernel: NET: Registered PF_XDP protocol family
Oct 16 01:46:51 ip-172-31-46-198 kernel: pci_bus 0000:00: resource 4 [io  0x0000-0x0cf7 window]
Oct 16 01:46:51 ip-172-31-46-198 kernel: pci_bus 0000:00: resource 5 [io  0x0d00-0xffff window]
Oct 16 01:46:51 ip-172-31-46-198 kernel: pci_bus 0000:00: resource 6 [mem 0x000a0000-0x000bffff window]
Oct 16 01:46:51 ip-172-31-46-198 kernel: pci_bus 0000:00: resource 7 [mem 0xf0000000-0xfbffffff window]
Oct 16 01:46:51 ip-172-31-46-198 kernel: pci 0000:00:01.0: PIIX3: Enabling Passive Release
Oct 16 01:46:51 ip-172-31-46-198 kernel: pci 0000:00:00.0: Limiting direct PCI/PCI transfers
Oct 16 01:46:51 ip-172-31-46-198 kernel: PCI: CLS 0 bytes, default 64
Oct 16 01:46:51 ip-172-31-46-198 kernel: clocksource: tsc: mask: 0xffffffffffffffff max_cycles: 0x21273cea6a0, max_idle_ns: 440795295103 ns
Oct 16 01:46:51 ip-172-31-46-198 kernel: Trying to unpack rootfs image as initramfs...
Oct 16 01:46:51 ip-172-31-46-198 kernel: Initialise system trusted keyrings
Oct 16 01:46:51 ip-172-31-46-198 kernel: Key type blacklist registered
Oct 16 01:46:51 ip-172-31-46-198 kernel: workingset: timestamp_bits=36 max_order=18 bucket_order=0
Oct 16 01:46:51 ip-172-31-46-198 kernel: zbud: loaded
Oct 16 01:46:51 ip-172-31-46-198 kernel: SGI XFS with ACLs, security attributes, quota, no debug enabled
Oct 16 01:46:51 ip-172-31-46-198 kernel: integrity: Platform Keyring initialized
Oct 16 01:46:51 ip-172-31-46-198 kernel: Key type asymmetric registered
Oct 16 01:46:51 ip-172-31-46-198 kernel: Asymmetric key parser 'x509' registered
Oct 16 01:46:51 ip-172-31-46-198 kernel: Block layer SCSI generic (bsg) driver version 0.4 loaded (major 248)
Oct 16 01:46:51 ip-172-31-46-198 kernel: io scheduler mq-deadline registered
Oct 16 01:46:51 ip-172-31-46-198 kernel: io scheduler kyber registered
Oct 16 01:46:51 ip-172-31-46-198 kernel: io scheduler bfq registered
Oct 16 01:46:51 ip-172-31-46-198 kernel: shpchp: Standard Hot Plug PCI Controller Driver version: 0.4
Oct 16 01:46:51 ip-172-31-46-198 kernel: xen:grant_table: Grant tables using version 1 layout
Oct 16 01:46:51 ip-172-31-46-198 kernel: Grant table initialized
Oct 16 01:46:51 ip-172-31-46-198 kernel: Cannot get hvm parameter CONSOLE_EVTCHN (18): -22!
Oct 16 01:46:51 ip-172-31-46-198 kernel: Serial: 8250/16550 driver, 4 ports, IRQ sharing disabled
Oct 16 01:46:51 ip-172-31-46-198 kernel: 00:06: ttyS0 at I/O 0x3f8 (irq = 4, base_baud = 115200) is a 16550A
Oct 16 01:46:51 ip-172-31-46-198 kernel: AMD-Vi: AMD IOMMUv2 functionality not available on this system - This is not a bug.
Oct 16 01:46:51 ip-172-31-46-198 kernel: Invalid max_queues (4), will use default max: 1.
Oct 16 01:46:51 ip-172-31-46-198 kernel: xen_netfront: Initialising Xen virtual ethernet driver
Oct 16 01:46:51 ip-172-31-46-198 kernel: rtc_cmos 00:02: registered as rtc0
Oct 16 01:46:51 ip-172-31-46-198 kernel: rtc_cmos 00:02: setting system clock to 2025-10-16T01:46:51 UTC (1760579211)
Oct 16 01:46:51 ip-172-31-46-198 kernel: rtc_cmos 00:02: alarms up to one day, 114 bytes nvram, hpet irqs
Oct 16 01:46:51 ip-172-31-46-198 kernel: intel_pstate: CPU model not supported
Oct 16 01:46:51 ip-172-31-46-198 kernel: hid: raw HID events driver (C) Jiri Kosina
Oct 16 01:46:51 ip-172-31-46-198 kernel: NET: Registered PF_INET6 protocol family
Oct 16 01:46:51 ip-172-31-46-198 kernel: Freeing initrd memory: 19932K
Oct 16 01:46:51 ip-172-31-46-198 kernel: blkfront: xvda: barrier or flush: disabled; persistent grants: disabled; indirect descriptors: enabled; bounce buffer: disabled;
Oct 16 01:46:51 ip-172-31-46-198 kernel: xvda: xvda1 xvda127 xvda128
Oct 16 01:46:51 ip-172-31-46-198 kernel: Segment Routing with IPv6
Oct 16 01:46:51 ip-172-31-46-198 kernel: In-situ OAM (IOAM) with IPv6
Oct 16 01:46:51 ip-172-31-46-198 kernel: NET: Registered PF_PACKET protocol family
Oct 16 01:46:51 ip-172-31-46-198 kernel: IPI shorthand broadcast: enabled
Oct 16 01:46:51 ip-172-31-46-198 kernel: AVX2 version of gcm_enc/dec engaged.
Oct 16 01:46:51 ip-172-31-46-198 kernel: AES CTR mode by8 optimization enabled
Oct 16 01:46:51 ip-172-31-46-198 kernel: sched_clock: Marking stable (480007465, 61408407)->(557667807, -16251935)
Oct 16 01:46:51 ip-172-31-46-198 kernel: registered taskstats version 1
Oct 16 01:46:51 ip-172-31-46-198 kernel: Loading compiled-in X.509 certificates
Oct 16 01:46:51 ip-172-31-46-198 kernel: Loaded X.509 cert 'Amazon.com: Amazon Linux Kernel Signing Key: 47a6a353a125de7b46db093ad85a3b518e9425da'
Oct 16 01:46:51 ip-172-31-46-198 kernel: zswap: loaded using pool lzo/zbud
Oct 16 01:46:51 ip-172-31-46-198 kernel: Key type .fscrypt registered
Oct 16 01:46:51 ip-172-31-46-198 kernel: Key type fscrypt-provisioning registered
Oct 16 01:46:51 ip-172-31-46-198 kernel: ima: No TPM chip found, activating TPM-bypass!
Oct 16 01:46:51 ip-172-31-46-198 kernel: ima: Allocated hash algorithm: sha256
Oct 16 01:46:51 ip-172-31-46-198 kernel: ima: No architecture policies found
Oct 16 01:46:51 ip-172-31-46-198 kernel: clk: Disabling unused clocks
Oct 16 01:46:51 ip-172-31-46-198 kernel: Freeing unused decrypted memory: 2036K
Oct 16 01:46:51 ip-172-31-46-198 kernel: Freeing unused kernel image (initmem) memory: 2452K
Oct 16 01:46:51 ip-172-31-46-198 kernel: Write protecting the kernel read-only data: 26624k
Oct 16 01:46:51 ip-172-31-46-198 kernel: Freeing unused kernel image (text/rodata gap) memory: 2036K
Oct 16 01:46:51 ip-172-31-46-198 kernel: Freeing unused kernel image (rodata/data gap) memory: 1328K
Oct 16 01:46:51 ip-172-31-46-198 kernel: Run /init as init process
Oct 16 01:46:51 ip-172-31-46-198 systemd[1]: systemd 252.23-6.amzn2023 running in system mode (+PAM +AUDIT +SELINUX -APPARMOR +IMA +SMACK +SECCOMP -GCRYPT -GNUTLS +OPENSSL +ACL +BLKID +CURL +ELFUTILS +FIDO2 +IDN2 -IDN -IPTC +KMOD +LIBCRYPTSETUP +LIBFDISK +PCRE2 +PWQUALITY +P11KIT +QRENCODE +TPM2 -BZIP2 -LZ4 +XZ +ZLIB -ZSTD +BPF_FRAMEWORK +XKBCOMMON +UTMP +SYSVINIT default-hierarchy=unified)
Oct 16 01:46:51 ip-172-31-46-198 systemd[1]: Detected virtualization xen.
Oct 16 01:46:51 ip-172-31-46-198 systemd[1]: Detected architecture x86-64.
Oct 16 01:46:51 ip-172-31-46-198 systemd[1]: Running in initrd.
Oct 16 01:46:51 ip-172-31-46-198 systemd[1]: No hostname configured, using default hostname.
Oct 16 01:46:51 ip-172-31-46-198 systemd[1]: Hostname set to <localhost>.
Oct 16 01:46:51 ip-172-31-46-198 systemd[1]: Initializing machine ID from VM UUID.
Oct 16 01:46:51 ip-172-31-46-198 systemd[1]: Queued start job for default target initrd.target.
Oct 16 01:46:51 ip-172-31-46-198 systemd[1]: Started systemd-ask-password-console.path - Dispatch Password Requests to Console Directory Watch.
Oct 16 01:46:51 ip-172-31-46-198 systemd[1]: Expecting device dev-disk-by\x2duuid-de5c5998\x2d22a2\x2d4734\x2d85d8\x2dc8f972ff40e9.device - /dev/disk/by-uuid/de5c5998-22a2-4734-85d8-c8f972ff40e9...
Oct 16 01:46:51 ip-172-31-46-198 systemd[1]: Reached target initrd-usr-fs.target - Initrd /usr File System.
Oct 16 01:46:51 ip-172-31-46-198 systemd[1]: Reached target local-fs.target - Local File Systems.
Oct 16 01:46:51 ip-172-31-46-198 systemd[1]: Reached target paths.target - Path Units.
Oct 16 01:46:51 ip-172-31-46-198 systemd[1]: Reached target slices.target - Slice Units.
Oct 16 01:46:51 ip-172-31-46-198 systemd[1]: Reached target swap.target - Swaps.
Oct 16 01:46:51 ip-172-31-46-198 systemd[1]: Reached target timers.target - Timer Units.
Oct 16 01:46:51 ip-172-31-46-198 systemd[1]: Listening on systemd-journald-audit.socket - Journal Audit Socket.
Oct 16 01:46:51 ip-172-31-46-198 systemd[1]: Listening on systemd-journald-dev-log.socket - Journal Socket (/dev/log).
Oct 16 01:46:51 ip-172-31-46-198 systemd[1]: Listening on systemd-journald.socket - Journal Socket.
Oct 16 01:46:51 ip-172-31-46-198 systemd[1]: Listening on systemd-udevd-control.socket - udev Control Socket.
Oct 16 01:46:51 ip-172-31-46-198 systemd[1]: Listening on systemd-udevd-kernel.socket - udev Kernel Socket.
Oct 16 01:46:51 ip-172-31-46-198 systemd[1]: Reached target sockets.target - Socket Units.
Oct 16 01:46:51 ip-172-31-46-198 systemd[1]: kmod-static-nodes.service - Create List of Static Device Nodes was skipped because of an unmet condition check (ConditionFileNotEmpty=/lib/modules/6.1.153-175.280.amzn2023.x86_64/modules.devname).
Oct 16 01:46:51 ip-172-31-46-198 systemd[1]: Starting systemd-journald.service - Journal Service...
Oct 16 01:46:51 ip-172-31-46-198 systemd[1]: systemd-modules-load.service - Load Kernel Modules was skipped because no trigger condition checks were met.
Oct 16 01:46:51 ip-172-31-46-198 systemd[1]: Starting systemd-sysctl.service - Apply Kernel Variables...
Oct 16 01:46:51 ip-172-31-46-198 systemd[1]: Starting systemd-sysusers.service - Create System Users...
Oct 16 01:46:51 ip-172-31-46-198 systemd[1]: Starting systemd-vconsole-setup.service - Setup Virtual Console...
Oct 16 01:46:51 ip-172-31-46-198 systemd[1]: Finished systemd-sysusers.service - Create System Users.
Oct 16 01:46:51 ip-172-31-46-198 kernel: audit: type=1130 audit(1760579211.870:2): pid=1 uid=0 auid=4294967295 ses=4294967295 subj=kernel msg='unit=systemd-sysusers comm="systemd" exe="/usr/lib/systemd/systemd" hostname=? addr=? terminal=? res=success'
Oct 16 01:46:51 ip-172-31-46-198 systemd-journald[345]: Journal started
Oct 16 01:46:51 ip-172-31-46-198 systemd-journald[345]: Runtime Journal (/run/log/journal/ec2111c56ba0b6e2992a9792f7227a3e) is 2.3M, max 18.9M, 16.6M free.
Oct 16 01:46:51 ip-172-31-46-198 audit[1]: SERVICE_START pid=1 uid=0 auid=4294967295 ses=4294967295 subj=kernel msg='unit=systemd-sysusers comm="systemd" exe="/usr/lib/systemd/systemd" hostname=? addr=? terminal=? res=success'
Oct 16 01:46:51 ip-172-31-46-198 systemd-sysusers[347]: Creating group 'nobody' with GID 65534.
Oct 16 01:46:51 ip-172-31-46-198 systemd-sysusers[347]: Creating group 'users' with GID 100.
Oct 16 01:46:51 ip-172-31-46-198 systemd-sysusers[347]: Creating group 'systemd-journal' with GID 190.
Oct 16 01:46:51 ip-172-31-46-198 systemd[1]: Starting systemd-tmpfiles-setup-dev.service - Create Static Device Nodes in /dev...
Oct 16 01:46:51 ip-172-31-46-198 systemd[1]: Started systemd-journald.service - Journal Service.
Oct 16 01:46:51 ip-172-31-46-198 kernel: audit: type=1130 audit(1760579211.890:3): pid=1 uid=0 auid=4294967295 ses=4294967295 subj=kernel msg='unit=systemd-journald comm="systemd" exe="/usr/lib/systemd/systemd" hostname=? addr=? terminal=? res=success'
Oct 16 01:46:51 ip-172-31-46-198 kernel: audit: type=1130 audit(1760579211.890:4): pid=1 uid=0 auid=4294967295 ses=4294967295 subj=kernel msg='unit=systemd-sysctl comm="systemd" exe="/usr/lib/systemd/systemd" hostname=? addr=? terminal=? res=success'
Oct 16 01:46:51 ip-172-31-46-198 kernel: audit: type=1130 audit(1760579211.890:5): pid=1 uid=0 auid=4294967295 ses=4294967295 subj=kernel msg='unit=systemd-tmpfiles-setup-dev comm="systemd" exe="/usr/lib/systemd/systemd" hostname=? addr=? terminal=? res=success'
Oct 16 01:46:51 ip-172-31-46-198 kernel: audit: type=1130 audit(1760579211.900:6): pid=1 uid=0 auid=4294967295 ses=4294967295 subj=kernel msg='unit=systemd-tmpfiles-setup comm="systemd" exe="/usr/lib/systemd/systemd" hostname=? addr=? terminal=? res=success'
Oct 16 01:46:51 ip-172-31-46-198 audit[1]: SERVICE_START pid=1 uid=0 auid=4294967295 ses=4294967295 subj=kernel msg='unit=systemd-journald comm="systemd" exe="/usr/lib/systemd/systemd" hostname=? addr=? terminal=? res=success'
Oct 16 01:46:51 ip-172-31-46-198 audit[1]: SERVICE_START pid=1 uid=0 auid=4294967295 ses=4294967295 subj=kernel msg='unit=systemd-sysctl comm="systemd" exe="/usr/lib/systemd/systemd" hostname=? addr=? terminal=? res=success'
Oct 16 01:46:51 ip-172-31-46-198 audit[1]: SERVICE_START pid=1 uid=0 auid=4294967295 ses=4294967295 subj=kernel msg='unit=systemd-tmpfiles-setup-dev comm="systemd" exe="/usr/lib/systemd/systemd" hostname=? addr=? terminal=? res=success'
Oct 16 01:46:51 ip-172-31-46-198 audit[1]: SERVICE_START pid=1 uid=0 auid=4294967295 ses=4294967295 subj=kernel msg='unit=systemd-tmpfiles-setup comm="systemd" exe="/usr/lib/systemd/systemd" hostname=? addr=? terminal=? res=success'
Oct 16 01:46:51 ip-172-31-46-198 systemd[1]: Finished systemd-sysctl.service - Apply Kernel Variables.
Oct 16 01:46:51 ip-172-31-46-198 systemd[1]: Starting systemd-tmpfiles-setup.service - Create Volatile Files and Directories...
Oct 16 01:46:51 ip-172-31-46-198 systemd[1]: Finished systemd-tmpfiles-setup-dev.service - Create Static Device Nodes in /dev.
Oct 16 01:46:51 ip-172-31-46-198 systemd-tmpfiles[353]: /usr/lib/tmpfiles.d/var.conf:14: Duplicate line for path "/var/log", ignoring.
Oct 16 01:46:51 ip-172-31-46-198 systemd[1]: Finished systemd-tmpfiles-setup.service - Create Volatile Files and Directories.
Oct 16 01:46:52 ip-172-31-46-198 audit[1]: SERVICE_START pid=1 uid=0 auid=4294967295 ses=4294967295 subj=kernel msg='unit=systemd-vconsole-setup comm="systemd" exe="/usr/lib/systemd/systemd" hostname=? addr=? terminal=? res=success'
Oct 16 01:46:52 ip-172-31-46-198 systemd[1]: Finished systemd-vconsole-setup.service - Setup Virtual Console.
Oct 16 01:46:52 ip-172-31-46-198 systemd[1]: dracut-cmdline-ask.service - dracut ask for additional cmdline parameters was skipped because no trigger condition checks were met.
Oct 16 01:46:52 ip-172-31-46-198 kernel: audit: type=1130 audit(1760579212.250:7): pid=1 uid=0 auid=4294967295 ses=4294967295 subj=kernel msg='unit=systemd-vconsole-setup comm="systemd" exe="/usr/lib/systemd/systemd" hostname=? addr=? terminal=? res=success'
Oct 16 01:46:52 ip-172-31-46-198 systemd[1]: Starting dracut-cmdline.service - dracut cmdline hook...
Oct 16 01:46:52 ip-172-31-46-198 dracut-cmdline[356]: dracut-102-3.amzn2023.0.1
Oct 16 01:46:52 ip-172-31-46-198 dracut-cmdline[356]: Using kernel command line parameters:    BOOT_IMAGE=(hd0,gpt1)/boot/vmlinuz-6.1.153-175.280.amzn2023.x86_64 root=UUID=de5c5998-22a2-4734-85d8-c8f972ff40e9 ro console=tty0 console=ttyS0,115200n8 nvme_core.io_timeout=4294967295 rd.emergency=poweroff rd.shell=0 selinux=1 security=selinux quiet
Oct 16 01:46:52 ip-172-31-46-198 audit[1]: SERVICE_START pid=1 uid=0 auid=4294967295 ses=4294967295 subj=kernel msg='unit=dracut-cmdline comm="systemd" exe="/usr/lib/systemd/systemd" hostname=? addr=? terminal=? res=success'
Oct 16 01:46:52 ip-172-31-46-198 audit: BPF prog-id=6 op=LOAD
Oct 16 01:46:52 ip-172-31-46-198 audit: BPF prog-id=7 op=LOAD
Oct 16 01:46:52 ip-172-31-46-198 systemd[1]: Finished dracut-cmdline.service - dracut cmdline hook.
Oct 16 01:46:52 ip-172-31-46-198 systemd[1]: dracut-pre-udev.service - dracut pre-udev hook was skipped because no trigger condition checks were met.
Oct 16 01:46:52 ip-172-31-46-198 kernel: audit: type=1130 audit(1760579212.320:8): pid=1 uid=0 auid=4294967295 ses=4294967295 subj=kernel msg='unit=dracut-cmdline comm="systemd" exe="/usr/lib/systemd/systemd" hostname=? addr=? terminal=? res=success'
Oct 16 01:46:52 ip-172-31-46-198 kernel: audit: type=1334 audit(1760579212.320:9): prog-id=6 op=LOAD
Oct 16 01:46:52 ip-172-31-46-198 kernel: audit: type=1334 audit(1760579212.320:10): prog-id=7 op=LOAD
Oct 16 01:46:52 ip-172-31-46-198 systemd[1]: Starting systemd-udevd.service - Rule-based Manager for Device Events and Files...
Oct 16 01:46:52 ip-172-31-46-198 systemd-udevd[410]: Using default interface naming scheme 'v252'.
Oct 16 01:46:52 ip-172-31-46-198 systemd[1]: Started systemd-udevd.service - Rule-based Manager for Device Events and Files.
Oct 16 01:46:52 ip-172-31-46-198 systemd[1]: Starting dracut-pre-trigger.service - dracut pre-trigger hook...
Oct 16 01:46:52 ip-172-31-46-198 audit[1]: SERVICE_START pid=1 uid=0 auid=4294967295 ses=4294967295 subj=kernel msg='unit=systemd-udevd comm="systemd" exe="/usr/lib/systemd/systemd" hostname=? addr=? terminal=? res=success'
Oct 16 01:46:52 ip-172-31-46-198 audit[1]: SERVICE_START pid=1 uid=0 auid=4294967295 ses=4294967295 subj=kernel msg='unit=dracut-pre-trigger comm="systemd" exe="/usr/lib/systemd/systemd" hostname=? addr=? terminal=? res=success'
Oct 16 01:46:52 ip-172-31-46-198 systemd[1]: Finished dracut-pre-trigger.service - dracut pre-trigger hook.
Oct 16 01:46:52 ip-172-31-46-198 systemd[1]: Starting systemd-udev-trigger.service - Coldplug All udev Devices...
Oct 16 01:46:52 ip-172-31-46-198 systemd[1]: Finished systemd-udev-trigger.service - Coldplug All udev Devices.
Oct 16 01:46:52 ip-172-31-46-198 systemd[1]: Reached target sysinit.target - System Initialization.
Oct 16 01:46:52 ip-172-31-46-198 systemd[1]: Reached target basic.target - Basic System.
Oct 16 01:46:52 ip-172-31-46-198 systemd[1]: dracut-initqueue.service - dracut initqueue hook was skipped because no trigger condition checks were met.
Oct 16 01:46:52 ip-172-31-46-198 systemd[1]: Reached target remote-fs-pre.target - Preparation for Remote File Systems.
Oct 16 01:46:52 ip-172-31-46-198 systemd[1]: Reached target remote-fs.target - Remote File Systems.
Oct 16 01:46:52 ip-172-31-46-198 systemd[1]: dracut-pre-mount.service - dracut pre-mount hook was skipped because no trigger condition checks were met.
Oct 16 01:46:52 ip-172-31-46-198 audit[1]: SERVICE_START pid=1 uid=0 auid=4294967295 ses=4294967295 subj=kernel msg='unit=systemd-udev-trigger comm="systemd" exe="/usr/lib/systemd/systemd" hostname=? addr=? terminal=? res=success'
Oct 16 01:46:52 ip-172-31-46-198 systemd[1]: Started rngd.service - Hardware RNG Entropy Gatherer Daemon.
Oct 16 01:46:52 ip-172-31-46-198 rngd[1024]: Disabling 7: PKCS11 Entropy generator (pkcs11)
Oct 16 01:46:52 ip-172-31-46-198 rngd[1024]: Disabling 5: NIST Network Entropy Beacon (nist)
Oct 16 01:46:52 ip-172-31-46-198 rngd[1024]: Initializing available sources
Oct 16 01:46:52 ip-172-31-46-198 rngd[1024]: [hwrng ]: Initialization Failed
Oct 16 01:46:52 ip-172-31-46-198 rngd[1024]: [rdrand]: Enabling RDRAND rng support
Oct 16 01:46:52 ip-172-31-46-198 rngd[1024]: [rdrand]: Initialized
Oct 16 01:46:52 ip-172-31-46-198 audit[1]: SERVICE_START pid=1 uid=0 auid=4294967295 ses=4294967295 subj=kernel msg='unit=rngd comm="systemd" exe="/usr/lib/systemd/systemd" hostname=? addr=? terminal=? res=success'
Oct 16 01:46:52 ip-172-31-46-198 rngd[1024]: [jitter]: Initializing AES buffer
Oct 16 01:46:52 ip-172-31-46-198 systemd[1]: Found device dev-disk-by\x2duuid-de5c5998\x2d22a2\x2d4734\x2d85d8\x2dc8f972ff40e9.device - /dev/disk/by-uuid/de5c5998-22a2-4734-85d8-c8f972ff40e9.
Oct 16 01:46:52 ip-172-31-46-198 systemd[1]: Reached target initrd-root-device.target - Initrd Root Device.
Oct 16 01:46:52 ip-172-31-46-198 systemd[1]: Mounting sysroot.mount - /sysroot...
Oct 16 01:46:52 ip-172-31-46-198 kernel: XFS (xvda1): Mounting V5 Filesystem
Oct 16 01:46:52 ip-172-31-46-198 kernel: XFS (xvda1): Ending clean mount
Oct 16 01:46:52 ip-172-31-46-198 systemd[1]: Mounted sysroot.mount - /sysroot.
Oct 16 01:46:52 ip-172-31-46-198 systemd[1]: Reached target initrd-root-fs.target - Initrd Root File System.
Oct 16 01:46:52 ip-172-31-46-198 systemd[1]: Starting initrd-parse-etc.service - Mountpoints Configured in the Real Root...
Oct 16 01:46:52 ip-172-31-46-198 systemd[1]: initrd-parse-etc.service: Deactivated successfully.
Oct 16 01:46:52 ip-172-31-46-198 systemd[1]: Finished initrd-parse-etc.service - Mountpoints Configured in the Real Root.
Oct 16 01:46:52 ip-172-31-46-198 audit[1]: SERVICE_START pid=1 uid=0 auid=4294967295 ses=4294967295 subj=kernel msg='unit=initrd-parse-etc comm="systemd" exe="/usr/lib/systemd/systemd" hostname=? addr=? terminal=? res=success'
Oct 16 01:46:52 ip-172-31-46-198 audit[1]: SERVICE_STOP pid=1 uid=0 auid=4294967295 ses=4294967295 subj=kernel msg='unit=initrd-parse-etc comm="systemd" exe="/usr/lib/systemd/systemd" hostname=? addr=? terminal=? res=success'
Oct 16 01:46:52 ip-172-31-46-198 systemd[1]: Reached target initrd-fs.target - Initrd File Systems.
Oct 16 01:46:52 ip-172-31-46-198 systemd[1]: Reached target initrd.target - Initrd Default Target.
Oct 16 01:46:52 ip-172-31-46-198 systemd[1]: dracut-mount.service - dracut mount hook was skipped because no trigger condition checks were met.
Oct 16 01:46:52 ip-172-31-46-198 systemd[1]: dracut-pre-pivot.service - dracut pre-pivot and cleanup hook was skipped because no trigger condition checks were met.
Oct 16 01:46:52 ip-172-31-46-198 systemd[1]: Starting initrd-cleanup.service - Cleaning Up and Shutting Down Daemons...
Oct 16 01:46:52 ip-172-31-46-198 systemd[1]: Stopped target initrd.target - Initrd Default Target.
Oct 16 01:46:52 ip-172-31-46-198 systemd[1]: Stopped target initrd-root-device.target - Initrd Root Device.
Oct 16 01:46:52 ip-172-31-46-198 systemd[1]: Stopped target initrd-usr-fs.target - Initrd /usr File System.
Oct 16 01:46:52 ip-172-31-46-198 systemd[1]: Stopped target remote-fs.target - Remote File Systems.
Oct 16 01:46:52 ip-172-31-46-198 systemd[1]: Stopped target remote-fs-pre.target - Preparation for Remote File Systems.
Oct 16 01:46:52 ip-172-31-46-198 systemd[1]: Stopped target timers.target - Timer Units.
Oct 16 01:46:52 ip-172-31-46-198 systemd[1]: dracut-cmdline.service: Deactivated successfully.
Oct 16 01:46:52 ip-172-31-46-198 systemd[1]: Stopped dracut-cmdline.service - dracut cmdline hook.
Oct 16 01:46:52 ip-172-31-46-198 audit[1]: SERVICE_STOP pid=1 uid=0 auid=4294967295 ses=4294967295 subj=kernel msg='unit=dracut-cmdline comm="systemd" exe="/usr/lib/systemd/systemd" hostname=? addr=? terminal=? res=success'
Oct 16 01:46:52 ip-172-31-46-198 systemd[1]: Stopping rngd.service - Hardware RNG Entropy Gatherer Daemon...
Oct 16 01:46:52 ip-172-31-46-198 systemd[1]: systemd-vconsole-setup.service: Deactivated successfully.
Oct 16 01:46:52 ip-172-31-46-198 systemd[1]: Stopped systemd-vconsole-setup.service - Setup Virtual Console.
Oct 16 01:46:52 ip-172-31-46-198 audit[1]: SERVICE_STOP pid=1 uid=0 auid=4294967295 ses=4294967295 subj=kernel msg='unit=systemd-vconsole-setup comm="systemd" exe="/usr/lib/systemd/systemd" hostname=? addr=? terminal=? res=success'
Oct 16 01:46:52 ip-172-31-46-198 systemd[1]: initrd-cleanup.service: Deactivated successfully.
Oct 16 01:46:52 ip-172-31-46-198 systemd[1]: Finished initrd-cleanup.service - Cleaning Up and Shutting Down Daemons.
Oct 16 01:46:52 ip-172-31-46-198 audit[1]: SERVICE_START pid=1 uid=0 auid=4294967295 ses=4294967295 subj=kernel msg='unit=initrd-cleanup comm="systemd" exe="/usr/lib/systemd/systemd" hostname=? addr=? terminal=? res=success'
Oct 16 01:46:52 ip-172-31-46-198 audit[1]: SERVICE_STOP pid=1 uid=0 auid=4294967295 ses=4294967295 subj=kernel msg='unit=initrd-cleanup comm="systemd" exe="/usr/lib/systemd/systemd" hostname=? addr=? terminal=? res=success'
Oct 16 01:46:52 ip-172-31-46-198 systemd[1]: rngd.service: Deactivated successfully.
Oct 16 01:46:52 ip-172-31-46-198 systemd[1]: Stopped rngd.service - Hardware RNG Entropy Gatherer Daemon.
Oct 16 01:46:52 ip-172-31-46-198 systemd[1]: Stopped target basic.target - Basic System.
Oct 16 01:46:52 ip-172-31-46-198 systemd[1]: Stopped target paths.target - Path Units.
Oct 16 01:46:52 ip-172-31-46-198 systemd[1]: systemd-ask-password-console.path: Deactivated successfully.
Oct 16 01:46:52 ip-172-31-46-198 audit[1]: SERVICE_STOP pid=1 uid=0 auid=4294967295 ses=4294967295 subj=kernel msg='unit=rngd comm="systemd" exe="/usr/lib/systemd/systemd" hostname=? addr=? terminal=? res=success'
Oct 16 01:46:52 ip-172-31-46-198 systemd[1]: Stopped systemd-ask-password-console.path - Dispatch Password Requests to Console Directory Watch.
Oct 16 01:46:52 ip-172-31-46-198 systemd[1]: Stopped target slices.target - Slice Units.
Oct 16 01:46:52 ip-172-31-46-198 systemd[1]: Stopped target sockets.target - Socket Units.
Oct 16 01:46:52 ip-172-31-46-198 systemd[1]: Stopped target sysinit.target - System Initialization.
Oct 16 01:46:52 ip-172-31-46-198 systemd[1]: Stopped target swap.target - Swaps.
Oct 16 01:46:52 ip-172-31-46-198 systemd[1]: systemd-sysctl.service: Deactivated successfully.
Oct 16 01:46:52 ip-172-31-46-198 systemd[1]: Stopped systemd-sysctl.service - Apply Kernel Variables.
Oct 16 01:46:52 ip-172-31-46-198 audit[1]: SERVICE_STOP pid=1 uid=0 auid=4294967295 ses=4294967295 subj=kernel msg='unit=systemd-sysctl comm="systemd" exe="/usr/lib/systemd/systemd" hostname=? addr=? terminal=? res=success'
Oct 16 01:46:52 ip-172-31-46-198 audit[1]: SERVICE_STOP pid=1 uid=0 auid=4294967295 ses=4294967295 subj=kernel msg='unit=systemd-tmpfiles-setup comm="systemd" exe="/usr/lib/systemd/systemd" hostname=? addr=? terminal=? res=success'
Oct 16 01:46:52 ip-172-31-46-198 systemd[1]: systemd-tmpfiles-setup.service: Deactivated successfully.
Oct 16 01:46:52 ip-172-31-46-198 systemd[1]: Stopped systemd-tmpfiles-setup.service - Create Volatile Files and Directories.
Oct 16 01:46:52 ip-172-31-46-198 audit[1]: SERVICE_STOP pid=1 uid=0 auid=4294967295 ses=4294967295 subj=kernel msg='unit=systemd-udev-trigger comm="systemd" exe="/usr/lib/systemd/systemd" hostname=? addr=? terminal=? res=success'
Oct 16 01:46:52 ip-172-31-46-198 audit[1]: SERVICE_STOP pid=1 uid=0 auid=4294967295 ses=4294967295 subj=kernel msg='unit=dracut-pre-trigger comm="systemd" exe="/usr/lib/systemd/systemd" hostname=? addr=? terminal=? res=success'
Oct 16 01:46:52 ip-172-31-46-198 systemd[1]: Stopped target local-fs.target - Local File Systems.
Oct 16 01:46:52 ip-172-31-46-198 systemd[1]: systemd-udev-trigger.service: Deactivated successfully.
Oct 16 01:46:52 ip-172-31-46-198 systemd[1]: Stopped systemd-udev-trigger.service - Coldplug All udev Devices.
Oct 16 01:46:52 ip-172-31-46-198 systemd[1]: dracut-pre-trigger.service: Deactivated successfully.
Oct 16 01:46:52 ip-172-31-46-198 systemd[1]: Stopped dracut-pre-trigger.service - dracut pre-trigger hook.
Oct 16 01:46:52 ip-172-31-46-198 systemd[1]: Stopping systemd-udevd.service - Rule-based Manager for Device Events and Files...
Oct 16 01:46:52 ip-172-31-46-198 systemd[1]: run-credentials-systemd\x2dtmpfiles\x2dsetup.service.mount: Deactivated successfully.
Oct 16 01:46:52 ip-172-31-46-198 systemd[1]: run-credentials-systemd\x2dsysctl.service.mount: Deactivated successfully.
Oct 16 01:46:53 ip-172-31-46-198 audit[1]: SERVICE_STOP pid=1 uid=0 auid=4294967295 ses=4294967295 subj=kernel msg='unit=systemd-udevd comm="systemd" exe="/usr/lib/systemd/systemd" hostname=? addr=? terminal=? res=success'
Oct 16 01:46:53 ip-172-31-46-198 systemd[1]: systemd-udevd.service: Deactivated successfully.
Oct 16 01:46:53 ip-172-31-46-198 systemd[1]: Stopped systemd-udevd.service - Rule-based Manager for Device Events and Files.
Oct 16 01:46:53 ip-172-31-46-198 systemd[1]: systemd-udevd-control.socket: Deactivated successfully.
Oct 16 01:46:53 ip-172-31-46-198 systemd[1]: Closed systemd-udevd-control.socket - udev Control Socket.
Oct 16 01:46:53 ip-172-31-46-198 systemd[1]: systemd-udevd-kernel.socket: Deactivated successfully.
Oct 16 01:46:53 ip-172-31-46-198 systemd[1]: Closed systemd-udevd-kernel.socket - udev Kernel Socket.
Oct 16 01:46:53 ip-172-31-46-198 systemd[1]: Starting initrd-udevadm-cleanup-db.service - Cleanup udev Database...
Oct 16 01:46:53 ip-172-31-46-198 systemd[1]: systemd-tmpfiles-setup-dev.service: Deactivated successfully.
Oct 16 01:46:53 ip-172-31-46-198 systemd[1]: Stopped systemd-tmpfiles-setup-dev.service - Create Static Device Nodes in /dev.
Oct 16 01:46:53 ip-172-31-46-198 audit[1]: SERVICE_STOP pid=1 uid=0 auid=4294967295 ses=4294967295 subj=kernel msg='unit=systemd-tmpfiles-setup-dev comm="systemd" exe="/usr/lib/systemd/systemd" hostname=? addr=? terminal=? res=success'
Oct 16 01:46:53 ip-172-31-46-198 systemd[1]: systemd-sysusers.service: Deactivated successfully.
Oct 16 01:46:53 ip-172-31-46-198 systemd[1]: Stopped systemd-sysusers.service - Create System Users.
Oct 16 01:46:53 ip-172-31-46-198 audit[1]: SERVICE_STOP pid=1 uid=0 auid=4294967295 ses=4294967295 subj=kernel msg='unit=systemd-sysusers comm="systemd" exe="/usr/lib/systemd/systemd" hostname=? addr=? terminal=? res=success'
Oct 16 01:46:53 ip-172-31-46-198 systemd[1]: run-credentials-systemd\x2dtmpfiles\x2dsetup\x2ddev.service.mount: Deactivated successfully.
Oct 16 01:46:53 ip-172-31-46-198 systemd[1]: run-credentials-systemd\x2dsysusers.service.mount: Deactivated successfully.
Oct 16 01:46:53 ip-172-31-46-198 systemd[1]: initrd-udevadm-cleanup-db.service: Deactivated successfully.
Oct 16 01:46:53 ip-172-31-46-198 systemd[1]: Finished initrd-udevadm-cleanup-db.service - Cleanup udev Database.
Oct 16 01:46:53 ip-172-31-46-198 audit[1]: SERVICE_START pid=1 uid=0 auid=4294967295 ses=4294967295 subj=kernel msg='unit=initrd-udevadm-cleanup-db comm="systemd" exe="/usr/lib/systemd/systemd" hostname=? addr=? terminal=? res=success'
Oct 16 01:46:53 ip-172-31-46-198 audit[1]: SERVICE_STOP pid=1 uid=0 auid=4294967295 ses=4294967295 subj=kernel msg='unit=initrd-udevadm-cleanup-db comm="systemd" exe="/usr/lib/systemd/systemd" hostname=? addr=? terminal=? res=success'
Oct 16 01:46:53 ip-172-31-46-198 systemd[1]: Reached target initrd-switch-root.target - Switch Root.
Oct 16 01:46:53 ip-172-31-46-198 systemd[1]: Starting initrd-switch-root.service - Switch Root...
Oct 16 01:46:53 ip-172-31-46-198 systemd[1]: Switching root.
Oct 16 01:46:53 ip-172-31-46-198 systemd-journald[345]: Journal stopped
Oct 16 01:46:54 ip-172-31-46-198 systemd-journald[345]: Received SIGTERM from PID 1 (systemd).
Oct 16 01:46:54 ip-172-31-46-198 kernel: SELinux:  Class user_namespace not defined in policy.
Oct 16 01:46:54 ip-172-31-46-198 kernel: SELinux: the above unknown classes and permissions will be allowed
Oct 16 01:46:54 ip-172-31-46-198 kernel: SELinux:  policy capability network_peer_controls=1
Oct 16 01:46:54 ip-172-31-46-198 kernel: SELinux:  policy capability open_perms=1
Oct 16 01:46:54 ip-172-31-46-198 kernel: SELinux:  policy capability extended_socket_class=1
Oct 16 01:46:54 ip-172-31-46-198 kernel: SELinux:  policy capability always_check_network=0
Oct 16 01:46:54 ip-172-31-46-198 kernel: SELinux:  policy capability cgroup_seclabel=1
Oct 16 01:46:54 ip-172-31-46-198 kernel: SELinux:  policy capability nnp_nosuid_transition=1
Oct 16 01:46:54 ip-172-31-46-198 kernel: SELinux:  policy capability genfs_seclabel_symlinks=1
Oct 16 01:46:54 ip-172-31-46-198 kernel: SELinux:  policy capability ioctl_skip_cloexec=0
Oct 16 01:46:54 ip-172-31-46-198 systemd[1]: Successfully loaded SELinux policy in 127.359ms.
Oct 16 01:46:54 ip-172-31-46-198 systemd[1]: Relabelled /dev, /dev/shm, /run, /sys/fs/cgroup in 25.210ms.
Oct 16 01:46:54 ip-172-31-46-198 systemd[1]: systemd 252.23-6.amzn2023 running in system mode (+PAM +AUDIT +SELINUX -APPARMOR +IMA +SMACK +SECCOMP -GCRYPT -GNUTLS +OPENSSL +ACL +BLKID +CURL +ELFUTILS +FIDO2 +IDN2 -IDN -IPTC +KMOD +LIBCRYPTSETUP +LIBFDISK +PCRE2 +PWQUALITY +P11KIT +QRENCODE +TPM2 -BZIP2 -LZ4 +XZ +ZLIB -ZSTD +BPF_FRAMEWORK +XKBCOMMON +UTMP +SYSVINIT default-hierarchy=unified)
Oct 16 01:46:54 ip-172-31-46-198 systemd[1]: Detected virtualization xen.
Oct 16 01:46:54 ip-172-31-46-198 systemd[1]: Detected architecture x86-64.
Oct 16 01:46:54 ip-172-31-46-198 systemd[1]: Hostname set to <ip-172-31-46-198.eu-west-1.compute.internal>.
Oct 16 01:46:54 ip-172-31-46-198 systemd[1]: bpf-lsm: LSM BPF program attached
Oct 16 01:46:54 ip-172-31-46-198 zram_generator::config[1069]: zram0: system has too much memory (949MB), limit is 800MB, ignoring.
Oct 16 01:46:54 ip-172-31-46-198 systemd[1]: /usr/lib/systemd/system/acpid.socket:6: ListenStream= references a path below legacy directory /var/run/, updating /var/run/acpid.socket  /run/acpid.socket; please update the unit file accordingly.
Oct 16 01:46:54 ip-172-31-46-198 systemd[1]: initrd-switch-root.service: Deactivated successfully.
Oct 16 01:46:54 ip-172-31-46-198 systemd[1]: Stopped initrd-switch-root.service - Switch Root.
Oct 16 01:46:54 ip-172-31-46-198 systemd[1]: systemd-journald.service: Scheduled restart job, restart counter is at 1.
Oct 16 01:46:54 ip-172-31-46-198 systemd[1]: Created slice system-getty.slice - Slice /system/getty.
Oct 16 01:46:54 ip-172-31-46-198 systemd[1]: Created slice system-modprobe.slice - Slice /system/modprobe.
Oct 16 01:46:54 ip-172-31-46-198 systemd[1]: Created slice system-serial\x2dgetty.slice - Slice /system/serial-getty.
Oct 16 01:46:54 ip-172-31-46-198 systemd[1]: Created slice system-sshd\x2dkeygen.slice - Slice /system/sshd-keygen.
Oct 16 01:46:54 ip-172-31-46-198 systemd[1]: Created slice user.slice - User and Session Slice.
Oct 16 01:46:54 ip-172-31-46-198 systemd[1]: Started systemd-ask-password-console.path - Dispatch Password Requests to Console Directory Watch.
Oct 16 01:46:54 ip-172-31-46-198 systemd[1]: Started systemd-ask-password-wall.path - Forward Password Requests to Wall Directory Watch.
Oct 16 01:46:54 ip-172-31-46-198 systemd[1]: Set up automount proc-sys-fs-binfmt_misc.automount - Arbitrary Executable File Formats File System Automount Point.
Oct 16 01:46:54 ip-172-31-46-198 systemd[1]: Expecting device dev-ttyS0.device - /dev/ttyS0...
Oct 16 01:46:54 ip-172-31-46-198 systemd[1]: Reached target aws-eb.target.
Oct 16 01:46:54 ip-172-31-46-198 systemd[1]: Reached target cryptsetup.target - Local Encrypted Volumes.
Oct 16 01:46:54 ip-172-31-46-198 systemd[1]: Stopped target initrd-switch-root.target - Switch Root.
Oct 16 01:46:54 ip-172-31-46-198 systemd[1]: Stopped target initrd-fs.target - Initrd File Systems.
Oct 16 01:46:54 ip-172-31-46-198 systemd[1]: Stopped target initrd-root-fs.target - Initrd Root File System.
Oct 16 01:46:54 ip-172-31-46-198 systemd[1]: Reached target integritysetup.target - Local Integrity Protected Volumes.
Oct 16 01:46:54 ip-172-31-46-198 systemd[1]: Reached target paths.target - Path Units.
Oct 16 01:46:54 ip-172-31-46-198 systemd[1]: Reached target slices.target - Slice Units.
Oct 16 01:46:54 ip-172-31-46-198 systemd[1]: Reached target swap.target - Swaps.
Oct 16 01:46:54 ip-172-31-46-198 systemd[1]: Reached target veritysetup.target - Local Verity Protected Volumes.
Oct 16 01:46:54 ip-172-31-46-198 systemd[1]: Listening on systemd-coredump.socket - Process Core Dump Socket.
Oct 16 01:46:54 ip-172-31-46-198 systemd[1]: Listening on systemd-initctl.socket - initctl Compatibility Named Pipe.
Oct 16 01:46:54 ip-172-31-46-198 systemd[1]: Listening on systemd-networkd.socket - Network Service Netlink Socket.
Oct 16 01:46:54 ip-172-31-46-198 systemd[1]: Listening on systemd-udevd-control.socket - udev Control Socket.
Oct 16 01:46:54 ip-172-31-46-198 systemd[1]: Listening on systemd-udevd-kernel.socket - udev Kernel Socket.
Oct 16 01:46:54 ip-172-31-46-198 systemd[1]: Listening on systemd-userdbd.socket - User Database Manager Socket.
Oct 16 01:46:54 ip-172-31-46-198 systemd[1]: Mounting dev-hugepages.mount - Huge Pages File System...
Oct 16 01:46:54 ip-172-31-46-198 systemd[1]: Mounting dev-mqueue.mount - POSIX Message Queue File System...
Oct 16 01:46:54 ip-172-31-46-198 systemd[1]: Mounting sys-kernel-debug.mount - Kernel Debug File System...
Oct 16 01:46:54 ip-172-31-46-198 systemd[1]: Mounting sys-kernel-tracing.mount - Kernel Trace File System...
Oct 16 01:46:54 ip-172-31-46-198 systemd[1]: Mounting tmp.mount - Temporary Directory /tmp...
Oct 16 01:46:54 ip-172-31-46-198 systemd[1]: auth-rpcgss-module.service - Kernel Module supporting RPCSEC_GSS was skipped because of an unmet condition check (ConditionPathExists=/etc/krb5.keytab).
Oct 16 01:46:54 ip-172-31-46-198 systemd[1]: Starting kmod-static-nodes.service - Create List of Static Device Nodes...
Oct 16 01:46:54 ip-172-31-46-198 systemd[1]: Starting modprobe@configfs.service - Load Kernel Module configfs...
Oct 16 01:46:54 ip-172-31-46-198 systemd[1]: Starting modprobe@dm_mod.service - Load Kernel Module dm_mod...
Oct 16 01:46:54 ip-172-31-46-198 systemd[1]: Starting modprobe@drm.service - Load Kernel Module drm...
Oct 16 01:46:54 ip-172-31-46-198 systemd[1]: Starting modprobe@efi_pstore.service - Load Kernel Module efi_pstore...
Oct 16 01:46:54 ip-172-31-46-198 systemd[1]: Starting modprobe@fuse.service - Load Kernel Module fuse...
Oct 16 01:46:54 ip-172-31-46-198 systemd[1]: Starting modprobe@loop.service - Load Kernel Module loop...
Oct 16 01:46:54 ip-172-31-46-198 systemd[1]: Starting nfs-convert.service - Preprocess NFS configuration convertion...
Oct 16 01:46:54 ip-172-31-46-198 systemd[1]: Starting systemd-fsck-root.service - File System Check on Root Device...
Oct 16 01:46:54 ip-172-31-46-198 systemd[1]: Stopped systemd-journald.service - Journal Service.
Oct 16 01:46:54 ip-172-31-46-198 systemd[1]: Starting systemd-journald.service - Journal Service...
Oct 16 01:46:54 ip-172-31-46-198 systemd[1]: systemd-modules-load.service - Load Kernel Modules was skipped because no trigger condition checks were met.
Oct 16 01:46:54 ip-172-31-46-198 systemd[1]: Starting systemd-network-generator.service - Generate network units from Kernel command line...
Oct 16 01:46:54 ip-172-31-46-198 systemd[1]: Starting systemd-sysctl.service - Apply Kernel Variables...
Oct 16 01:46:54 ip-172-31-46-198 systemd[1]: Starting systemd-udev-trigger.service - Coldplug All udev Devices...
Oct 16 01:46:54 ip-172-31-46-198 systemd[1]: Mounted dev-hugepages.mount - Huge Pages File System.
Oct 16 01:46:54 ip-172-31-46-198 systemd[1]: Mounted dev-mqueue.mount - POSIX Message Queue File System.
Oct 16 01:46:54 ip-172-31-46-198 systemd[1]: Mounted sys-kernel-debug.mount - Kernel Debug File System.
Oct 16 01:46:54 ip-172-31-46-198 systemd[1]: Mounted sys-kernel-tracing.mount - Kernel Trace File System.
Oct 16 01:46:54 ip-172-31-46-198 systemd[1]: Mounted tmp.mount - Temporary Directory /tmp.
Oct 16 01:46:54 ip-172-31-46-198 systemd[1]: Finished kmod-static-nodes.service - Create List of Static Device Nodes.
Oct 16 01:46:54 ip-172-31-46-198 systemd[1]: modprobe@configfs.service: Deactivated successfully.
Oct 16 01:46:54 ip-172-31-46-198 systemd[1]: Finished modprobe@configfs.service - Load Kernel Module configfs.
Oct 16 01:46:54 ip-172-31-46-198 systemd[1]: modprobe@drm.service: Deactivated successfully.
Oct 16 01:46:54 ip-172-31-46-198 systemd[1]: Finished modprobe@drm.service - Load Kernel Module drm.
Oct 16 01:46:54 ip-172-31-46-198 systemd[1]: nfs-convert.service: Deactivated successfully.
Oct 16 01:46:54 ip-172-31-46-198 systemd[1]: Finished nfs-convert.service - Preprocess NFS configuration convertion.
Oct 16 01:46:54 ip-172-31-46-198 systemd[1]: Finished systemd-network-generator.service - Generate network units from Kernel command line.
Oct 16 01:46:54 ip-172-31-46-198 systemd[1]: modprobe@efi_pstore.service: Deactivated successfully.
Oct 16 01:46:54 ip-172-31-46-198 systemd-journald[1092]: Journal started
Oct 16 01:46:54 ip-172-31-46-198 systemd-journald[1092]: Runtime Journal (/run/log/journal/ec20a9dcd33745ededb6ad2de1765c45) is 2.3M, max 18.9M, 16.6M free.
Oct 16 01:46:54 ip-172-31-46-198 audit: MAC_POLICY_LOAD auid=4294967295 ses=4294967295 lsm=selinux res=1
Oct 16 01:46:54 ip-172-31-46-198 audit: BPF prog-id=8 op=LOAD
Oct 16 01:46:54 ip-172-31-46-198 audit: BPF prog-id=8 op=UNLOAD
Oct 16 01:46:54 ip-172-31-46-198 audit: BPF prog-id=9 op=LOAD
Oct 16 01:46:54 ip-172-31-46-198 audit: BPF prog-id=9 op=UNLOAD
Oct 16 01:46:54 ip-172-31-46-198 audit: BPF prog-id=10 op=LOAD
Oct 16 01:46:54 ip-172-31-46-198 audit: BPF prog-id=10 op=UNLOAD
Oct 16 01:46:54 ip-172-31-46-198 audit: BPF prog-id=11 op=LOAD
Oct 16 01:46:54 ip-172-31-46-198 audit: BPF prog-id=11 op=UNLOAD
Oct 16 01:46:54 ip-172-31-46-198 audit: BPF prog-id=12 op=LOAD
Oct 16 01:46:54 ip-172-31-46-198 audit: BPF prog-id=12 op=UNLOAD
Oct 16 01:46:54 ip-172-31-46-198 audit: BPF prog-id=13 op=LOAD
Oct 16 01:46:54 ip-172-31-46-198 audit: BPF prog-id=13 op=UNLOAD
Oct 16 01:46:54 ip-172-31-46-198 audit: BPF prog-id=14 op=LOAD
Oct 16 01:46:54 ip-172-31-46-198 audit: BPF prog-id=15 op=LOAD
Oct 16 01:46:54 ip-172-31-46-198 audit: BPF prog-id=14 op=UNLOAD
Oct 16 01:46:54 ip-172-31-46-198 audit: BPF prog-id=15 op=UNLOAD
Oct 16 01:46:54 ip-172-31-46-198 audit: BPF prog-id=16 op=LOAD
Oct 16 01:46:54 ip-172-31-46-198 audit: BPF prog-id=16 op=UNLOAD
Oct 16 01:46:54 ip-172-31-46-198 audit: BPF prog-id=17 op=LOAD
Oct 16 01:46:54 ip-172-31-46-198 audit: BPF prog-id=17 op=UNLOAD
Oct 16 01:46:54 ip-172-31-46-198 audit: BPF prog-id=18 op=LOAD
Oct 16 01:46:54 ip-172-31-46-198 audit: BPF prog-id=18 op=UNLOAD
Oct 16 01:46:54 ip-172-31-46-198 audit: BPF prog-id=19 op=LOAD
Oct 16 01:46:54 ip-172-31-46-198 audit: BPF prog-id=19 op=UNLOAD
Oct 16 01:46:54 ip-172-31-46-198 audit: BPF prog-id=20 op=LOAD
Oct 16 01:46:54 ip-172-31-46-198 audit: BPF prog-id=21 op=LOAD
Oct 16 01:46:54 ip-172-31-46-198 audit: BPF prog-id=21 op=UNLOAD
Oct 16 01:46:54 ip-172-31-46-198 audit: BPF prog-id=22 op=LOAD
Oct 16 01:46:54 ip-172-31-46-198 audit: BPF prog-id=20 op=UNLOAD
Oct 16 01:46:54 ip-172-31-46-198 audit: BPF prog-id=22 op=UNLOAD
Oct 16 01:46:54 ip-172-31-46-198 audit: BPF prog-id=23 op=LOAD
Oct 16 01:46:54 ip-172-31-46-198 audit: BPF prog-id=23 op=UNLOAD
Oct 16 01:46:54 ip-172-31-46-198 audit: BPF prog-id=24 op=LOAD
Oct 16 01:46:54 ip-172-31-46-198 audit: BPF prog-id=24 op=UNLOAD
Oct 16 01:46:54 ip-172-31-46-198 audit: BPF prog-id=25 op=LOAD
Oct 16 01:46:54 ip-172-31-46-198 audit: BPF prog-id=25 op=UNLOAD
Oct 16 01:46:54 ip-172-31-46-198 audit: BPF prog-id=26 op=LOAD
Oct 16 01:46:54 ip-172-31-46-198 audit: BPF prog-id=26 op=UNLOAD
Oct 16 01:46:54 ip-172-31-46-198 audit: BPF prog-id=27 op=LOAD
Oct 16 01:46:54 ip-172-31-46-198 audit: BPF prog-id=28 op=LOAD
Oct 16 01:46:54 ip-172-31-46-198 audit: BPF prog-id=3 op=UNLOAD
Oct 16 01:46:54 ip-172-31-46-198 audit: BPF prog-id=29 op=LOAD
Oct 16 01:46:54 ip-172-31-46-198 audit: BPF prog-id=30 op=LOAD
Oct 16 01:46:54 ip-172-31-46-198 audit: BPF prog-id=4 op=UNLOAD
Oct 16 01:46:54 ip-172-31-46-198 audit: BPF prog-id=5 op=UNLOAD
Oct 16 01:46:54 ip-172-31-46-198 audit[1]: SERVICE_STOP pid=1 uid=0 auid=4294967295 ses=4294967295 subj=system_u:system_r:init_t:s0 msg='unit=systemd-journald comm="systemd" exe="/usr/lib/systemd/systemd" hostname=? addr=? terminal=? res=success'
Oct 16 01:46:54 ip-172-31-46-198 audit: BPF prog-id=28 op=UNLOAD
Oct 16 01:46:54 ip-172-31-46-198 audit[1]: SERVICE_START pid=1 uid=0 auid=4294967295 ses=4294967295 subj=system_u:system_r:init_t:s0 msg='unit=initrd-switch-root comm="systemd" exe="/usr/lib/systemd/systemd" hostname=? addr=? terminal=? res=success'
Oct 16 01:46:54 ip-172-31-46-198 audit[1]: SERVICE_STOP pid=1 uid=0 auid=4294967295 ses=4294967295 subj=system_u:system_r:init_t:s0 msg='unit=initrd-switch-root comm="systemd" exe="/usr/lib/systemd/systemd" hostname=? addr=? terminal=? res=success'
Oct 16 01:46:54 ip-172-31-46-198 audit[1]: SERVICE_START pid=1 uid=0 auid=4294967295 ses=4294967295 subj=system_u:system_r:init_t:s0 msg='unit=systemd-journald comm="systemd" exe="/usr/lib/systemd/systemd" hostname=? addr=? terminal=? res=success'
Oct 16 01:46:54 ip-172-31-46-198 audit[1]: SERVICE_STOP pid=1 uid=0 auid=4294967295 ses=4294967295 subj=system_u:system_r:init_t:s0 msg='unit=systemd-journald comm="systemd" exe="/usr/lib/systemd/systemd" hostname=? addr=? terminal=? res=success'
Oct 16 01:46:54 ip-172-31-46-198 audit: BPF prog-id=31 op=LOAD
Oct 16 01:46:54 ip-172-31-46-198 audit: BPF prog-id=32 op=LOAD
Oct 16 01:46:54 ip-172-31-46-198 audit: BPF prog-id=33 op=LOAD
Oct 16 01:46:54 ip-172-31-46-198 audit[1]: SERVICE_START pid=1 uid=0 auid=4294967295 ses=4294967295 subj=system_u:system_r:init_t:s0 msg='unit=kmod-static-nodes comm="systemd" exe="/usr/lib/systemd/systemd" hostname=? addr=? terminal=? res=success'
Oct 16 01:46:54 ip-172-31-46-198 audit: BPF prog-id=30 op=UNLOAD
Oct 16 01:46:54 ip-172-31-46-198 audit: BPF prog-id=29 op=UNLOAD
Oct 16 01:46:54 ip-172-31-46-198 audit[1]: SERVICE_START pid=1 uid=0 auid=4294967295 ses=4294967295 subj=system_u:system_r:init_t:s0 msg='unit=modprobe@configfs comm="systemd" exe="/usr/lib/systemd/systemd" hostname=? addr=? terminal=? res=success'
Oct 16 01:46:54 ip-172-31-46-198 audit[1]: SERVICE_STOP pid=1 uid=0 auid=4294967295 ses=4294967295 subj=system_u:system_r:init_t:s0 msg='unit=modprobe@configfs comm="systemd" exe="/usr/lib/systemd/systemd" hostname=? addr=? terminal=? res=success'
Oct 16 01:46:54 ip-172-31-46-198 audit[1]: SERVICE_START pid=1 uid=0 auid=4294967295 ses=4294967295 subj=system_u:system_r:init_t:s0 msg='unit=modprobe@drm comm="systemd" exe="/usr/lib/systemd/systemd" hostname=? addr=? terminal=? res=success'
Oct 16 01:46:54 ip-172-31-46-198 audit[1]: SERVICE_STOP pid=1 uid=0 auid=4294967295 ses=4294967295 subj=system_u:system_r:init_t:s0 msg='unit=modprobe@drm comm="systemd" exe="/usr/lib/systemd/systemd" hostname=? addr=? terminal=? res=success'
Oct 16 01:46:54 ip-172-31-46-198 audit[1]: SERVICE_START pid=1 uid=0 auid=4294967295 ses=4294967295 subj=system_u:system_r:init_t:s0 msg='unit=nfs-convert comm="systemd" exe="/usr/lib/systemd/systemd" hostname=? addr=? terminal=? res=success'
Oct 16 01:46:54 ip-172-31-46-198 audit[1]: SERVICE_STOP pid=1 uid=0 auid=4294967295 ses=4294967295 subj=system_u:system_r:init_t:s0 msg='unit=nfs-convert comm="systemd" exe="/usr/lib/systemd/systemd" hostname=? addr=? terminal=? res=success'
Oct 16 01:46:54 ip-172-31-46-198 audit: CONFIG_CHANGE op=set audit_enabled=1 old=1 auid=4294967295 ses=4294967295 subj=system_u:system_r:syslogd_t:s0 res=1
Oct 16 01:46:54 ip-172-31-46-198 audit[1092]: SYSCALL arch=c000003e syscall=46 success=yes exit=60 a0=5 a1=7ffeeb8bdb90 a2=4000 a3=7ffeeb8bdc1c items=0 ppid=1 pid=1092 auid=4294967295 uid=0 gid=0 euid=0 suid=0 fsuid=0 egid=0 sgid=0 fsgid=0 tty=(none) ses=4294967295 comm="systemd-journal" exe="/usr/lib/systemd/systemd-journald" subj=system_u:system_r:syslogd_t:s0 key=(null)
Oct 16 01:46:54 ip-172-31-46-198 audit: PROCTITLE proctitle="/usr/lib/systemd/systemd-journald"
Oct 16 01:46:54 ip-172-31-46-198 audit[1]: SERVICE_START pid=1 uid=0 auid=4294967295 ses=4294967295 subj=system_u:system_r:init_t:s0 msg='unit=systemd-network-generator comm="systemd" exe="/usr/lib/systemd/systemd" hostname=? addr=? terminal=? res=success'
Oct 16 01:46:54 ip-172-31-46-198 systemd[1]: Queued start job for default target graphical.target.
Oct 16 01:46:54 ip-172-31-46-198 systemd[1]: systemd-journald.service: Deactivated successfully.
Oct 16 01:46:54 ip-172-31-46-198 systemd-fsck[1100]: /usr/sbin/fsck.xfs: XFS file system.
Oct 16 01:46:54 ip-172-31-46-198 systemd[1]: Finished modprobe@efi_pstore.service - Load Kernel Module efi_pstore.
Oct 16 01:46:54 ip-172-31-46-198 kernel: device-mapper: core: CONFIG_IMA_DISABLE_HTABLE is disabled. Duplicate IMA measurements will not be recorded in the IMA log.
Oct 16 01:46:54 ip-172-31-46-198 kernel: device-mapper: uevent: version 1.0.3
Oct 16 01:46:54 ip-172-31-46-198 systemd[1]: Started systemd-journald.service - Journal Service.
Oct 16 01:46:54 ip-172-31-46-198 audit[1]: SERVICE_START pid=1 uid=0 auid=4294967295 ses=4294967295 subj=system_u:system_r:init_t:s0 msg='unit=modprobe@efi_pstore comm="systemd" exe="/usr/lib/systemd/systemd" hostname=? addr=? terminal=? res=success'
Oct 16 01:46:54 ip-172-31-46-198 audit[1]: SERVICE_STOP pid=1 uid=0 auid=4294967295 ses=4294967295 subj=system_u:system_r:init_t:s0 msg='unit=modprobe@efi_pstore comm="systemd" exe="/usr/lib/systemd/systemd" hostname=? addr=? terminal=? res=success'
Oct 16 01:46:54 ip-172-31-46-198 audit[1]: SERVICE_START pid=1 uid=0 auid=4294967295 ses=4294967295 subj=system_u:system_r:init_t:s0 msg='unit=systemd-journald comm="systemd" exe="/usr/lib/systemd/systemd" hostname=? addr=? terminal=? res=success'
Oct 16 01:46:54 ip-172-31-46-198 audit[1]: SERVICE_START pid=1 uid=0 auid=4294967295 ses=4294967295 subj=system_u:system_r:init_t:s0 msg='unit=systemd-fsck-root comm="systemd" exe="/usr/lib/systemd/systemd" hostname=? addr=? terminal=? res=success'
Oct 16 01:46:54 ip-172-31-46-198 systemd[1]: Finished systemd-fsck-root.service - File System Check on Root Device.
Oct 16 01:46:54 ip-172-31-46-198 kernel: fuse: init (API version 7.38)
Oct 16 01:46:54 ip-172-31-46-198 audit[1]: SERVICE_START pid=1 uid=0 auid=4294967295 ses=4294967295 subj=system_u:system_r:init_t:s0 msg='unit=systemd-sysctl comm="systemd" exe="/usr/lib/systemd/systemd" hostname=? addr=? terminal=? res=success'
Oct 16 01:46:54 ip-172-31-46-198 systemd[1]: Finished systemd-sysctl.service - Apply Kernel Variables.
Oct 16 01:46:54 ip-172-31-46-198 systemd[1]: Mounting sys-kernel-config.mount - Kernel Configuration File System...
Oct 16 01:46:54 ip-172-31-46-198 systemd[1]: Starting systemd-remount-fs.service - Remount Root and Kernel File Systems...
Oct 16 01:46:54 ip-172-31-46-198 systemd[1]: Mounted sys-kernel-config.mount - Kernel Configuration File System.
Oct 16 01:46:54 ip-172-31-46-198 kernel: device-mapper: ioctl: 4.47.0-ioctl (2022-07-28) initialised: dm-devel@redhat.com
Oct 16 01:46:54 ip-172-31-46-198 systemd[1]: modprobe@fuse.service: Deactivated successfully.
Oct 16 01:46:54 ip-172-31-46-198 kernel: loop: module loaded
Oct 16 01:46:54 ip-172-31-46-198 audit[1]: SERVICE_START pid=1 uid=0 auid=4294967295 ses=4294967295 subj=system_u:system_r:init_t:s0 msg='unit=modprobe@fuse comm="systemd" exe="/usr/lib/systemd/systemd" hostname=? addr=? terminal=? res=success'
Oct 16 01:46:54 ip-172-31-46-198 audit[1]: SERVICE_STOP pid=1 uid=0 auid=4294967295 ses=4294967295 subj=system_u:system_r:init_t:s0 msg='unit=modprobe@fuse comm="systemd" exe="/usr/lib/systemd/systemd" hostname=? addr=? terminal=? res=success'
Oct 16 01:46:54 ip-172-31-46-198 systemd[1]: Finished modprobe@fuse.service - Load Kernel Module fuse.
Oct 16 01:46:54 ip-172-31-46-198 systemd[1]: modprobe@dm_mod.service: Deactivated successfully.
Oct 16 01:46:54 ip-172-31-46-198 audit[1]: SERVICE_START pid=1 uid=0 auid=4294967295 ses=4294967295 subj=system_u:system_r:init_t:s0 msg='unit=modprobe@dm_mod comm="systemd" exe="/usr/lib/systemd/systemd" hostname=? addr=? terminal=? res=success'
Oct 16 01:46:54 ip-172-31-46-198 audit[1]: SERVICE_STOP pid=1 uid=0 auid=4294967295 ses=4294967295 subj=system_u:system_r:init_t:s0 msg='unit=modprobe@dm_mod comm="systemd" exe="/usr/lib/systemd/systemd" hostname=? addr=? terminal=? res=success'
Oct 16 01:46:54 ip-172-31-46-198 systemd[1]: Finished modprobe@dm_mod.service - Load Kernel Module dm_mod.
Oct 16 01:46:54 ip-172-31-46-198 systemd[1]: modprobe@loop.service: Deactivated successfully.
Oct 16 01:46:54 ip-172-31-46-198 audit[1]: SERVICE_START pid=1 uid=0 auid=4294967295 ses=4294967295 subj=system_u:system_r:init_t:s0 msg='unit=modprobe@loop comm="systemd" exe="/usr/lib/systemd/systemd" hostname=? addr=? terminal=? res=success'
Oct 16 01:46:54 ip-172-31-46-198 audit[1]: SERVICE_STOP pid=1 uid=0 auid=4294967295 ses=4294967295 subj=system_u:system_r:init_t:s0 msg='unit=modprobe@loop comm="systemd" exe="/usr/lib/systemd/systemd" hostname=? addr=? terminal=? res=success'
Oct 16 01:46:54 ip-172-31-46-198 systemd[1]: Finished modprobe@loop.service - Load Kernel Module loop.
Oct 16 01:46:54 ip-172-31-46-198 audit[1]: SERVICE_START pid=1 uid=0 auid=4294967295 ses=4294967295 subj=system_u:system_r:init_t:s0 msg='unit=systemd-remount-fs comm="systemd" exe="/usr/lib/systemd/systemd" hostname=? addr=? terminal=? res=success'
Oct 16 01:46:54 ip-172-31-46-198 systemd[1]: Finished systemd-remount-fs.service - Remount Root and Kernel File Systems.
Oct 16 01:46:54 ip-172-31-46-198 systemd[1]: Mounting sys-fs-fuse-connections.mount - FUSE Control File System...
Oct 16 01:46:54 ip-172-31-46-198 systemd[1]: systemd-firstboot.service - First Boot Wizard was skipped because of an unmet condition check (ConditionFirstBoot=yes).
Oct 16 01:46:54 ip-172-31-46-198 systemd[1]: systemd-hwdb-update.service - Rebuild Hardware Database was skipped because of an unmet condition check (ConditionNeedsUpdate=/etc).
Oct 16 01:46:54 ip-172-31-46-198 systemd[1]: Starting systemd-journal-flush.service - Flush Journal to Persistent Storage...
Oct 16 01:46:54 ip-172-31-46-198 systemd[1]: systemd-pstore.service - Platform Persistent Storage Archival was skipped because of an unmet condition check (ConditionDirectoryNotEmpty=/sys/fs/pstore).
Oct 16 01:46:54 ip-172-31-46-198 systemd[1]: Starting systemd-random-seed.service - Load/Save Random Seed...
Oct 16 01:46:54 ip-172-31-46-198 systemd[1]: systemd-repart.service - Repartition Root Disk was skipped because no trigger condition checks were met.
Oct 16 01:46:54 ip-172-31-46-198 systemd[1]: systemd-sysusers.service - Create System Users was skipped because no trigger condition checks were met.
Oct 16 01:46:54 ip-172-31-46-198 systemd[1]: Starting systemd-tmpfiles-setup-dev.service - Create Static Device Nodes in /dev...
Oct 16 01:46:54 ip-172-31-46-198 systemd[1]: Mounted sys-fs-fuse-connections.mount - FUSE Control File System.
Oct 16 01:46:54 ip-172-31-46-198 systemd-journald[1092]: Runtime Journal (/run/log/journal/ec20a9dcd33745ededb6ad2de1765c45) is 2.3M, max 18.9M, 16.6M free.
Oct 16 01:46:54 ip-172-31-46-198 systemd-journald[1092]: Received client request to flush runtime journal.
Oct 16 01:46:54 ip-172-31-46-198 audit[1]: SERVICE_START pid=1 uid=0 auid=4294967295 ses=4294967295 subj=system_u:system_r:init_t:s0 msg='unit=systemd-udev-trigger comm="systemd" exe="/usr/lib/systemd/systemd" hostname=? addr=? terminal=? res=success'
Oct 16 01:46:54 ip-172-31-46-198 systemd[1]: Finished systemd-udev-trigger.service - Coldplug All udev Devices.
Oct 16 01:46:54 ip-172-31-46-198 audit[1]: SERVICE_START pid=1 uid=0 auid=4294967295 ses=4294967295 subj=system_u:system_r:init_t:s0 msg='unit=systemd-journal-flush comm="systemd" exe="/usr/lib/systemd/systemd" hostname=? addr=? terminal=? res=success'
Oct 16 01:46:54 ip-172-31-46-198 systemd[1]: Finished systemd-journal-flush.service - Flush Journal to Persistent Storage.
Oct 16 01:46:54 ip-172-31-46-198 audit[1]: SERVICE_START pid=1 uid=0 auid=4294967295 ses=4294967295 subj=system_u:system_r:init_t:s0 msg='unit=systemd-random-seed comm="systemd" exe="/usr/lib/systemd/systemd" hostname=? addr=? terminal=? res=success'
Oct 16 01:46:54 ip-172-31-46-198 systemd[1]: Finished systemd-random-seed.service - Load/Save Random Seed.
Oct 16 01:46:54 ip-172-31-46-198 systemd[1]: first-boot-complete.target - First Boot Complete was skipped because of an unmet condition check (ConditionFirstBoot=yes).
Oct 16 01:46:54 ip-172-31-46-198 audit[1]: SERVICE_START pid=1 uid=0 auid=4294967295 ses=4294967295 subj=system_u:system_r:init_t:s0 msg='unit=systemd-tmpfiles-setup-dev comm="systemd" exe="/usr/lib/systemd/systemd" hostname=? addr=? terminal=? res=success'
Oct 16 01:46:54 ip-172-31-46-198 systemd[1]: Finished systemd-tmpfiles-setup-dev.service - Create Static Device Nodes in /dev.
Oct 16 01:46:54 ip-172-31-46-198 systemd[1]: Reached target local-fs-pre.target - Preparation for Local File Systems.
Oct 16 01:46:54 ip-172-31-46-198 systemd[1]: Set up automount boot-efi.automount.
Oct 16 01:46:54 ip-172-31-46-198 systemd[1]: Reached target local-fs.target - Local File Systems.
Oct 16 01:46:54 ip-172-31-46-198 systemd[1]: import-state.service - Import network configuration from initramfs was skipped because of an unmet condition check (ConditionDirectoryNotEmpty=/run/initramfs/state).
Oct 16 01:46:54 ip-172-31-46-198 systemd[1]: ldconfig.service - Rebuild Dynamic Linker Cache was skipped because no trigger condition checks were met.
Oct 16 01:46:54 ip-172-31-46-198 systemd[1]: selinux-autorelabel-mark.service - Mark the need to relabel after reboot was skipped because of an unmet condition check (ConditionSecurity=!selinux).
Oct 16 01:46:54 ip-172-31-46-198 systemd[1]: systemd-binfmt.service - Set Up Additional Binary Formats was skipped because no trigger condition checks were met.
Oct 16 01:46:54 ip-172-31-46-198 systemd[1]: systemd-boot-system-token.service - Store a System Token in an EFI Variable was skipped because of an unmet condition check (ConditionPathExists=/sys/firmware/efi/efivars/LoaderFeatures-4a67b082-0a4c-41cf-b6c7-440b29bb8c4f).
Oct 16 01:46:54 ip-172-31-46-198 audit: BPF prog-id=34 op=LOAD
Oct 16 01:46:54 ip-172-31-46-198 audit: BPF prog-id=35 op=LOAD
Oct 16 01:46:54 ip-172-31-46-198 audit: BPF prog-id=6 op=UNLOAD
Oct 16 01:46:54 ip-172-31-46-198 audit: BPF prog-id=7 op=UNLOAD
Oct 16 01:46:54 ip-172-31-46-198 systemd[1]: Starting systemd-boot-update.service - Automatic Boot Loader Update...
Oct 16 01:46:54 ip-172-31-46-198 systemd[1]: systemd-machine-id-commit.service - Commit a transient machine-id on disk was skipped because of an unmet condition check (ConditionPathIsMountPoint=/etc/machine-id).
Oct 16 01:46:54 ip-172-31-46-198 systemd[1]: Starting systemd-tmpfiles-setup.service - Create Volatile Files and Directories...
Oct 16 01:46:54 ip-172-31-46-198 systemd[1]: Starting systemd-udevd.service - Rule-based Manager for Device Events and Files...
Oct 16 01:46:55 ip-172-31-46-198 systemd[1]: boot-efi.automount: Got automount request for /boot/efi, triggered by 1753 (bootctl)
Oct 16 01:46:55 ip-172-31-46-198 systemd[1]: Created slice system-systemd\x2dfsck.slice - Slice /system/systemd-fsck.
Oct 16 01:46:55 ip-172-31-46-198 systemd[1]: Expecting device dev-disk-by\x2duuid-3021\x2d32B7.device - /dev/disk/by-uuid/3021-32B7...
Oct 16 01:46:55 ip-172-31-46-198 systemd-udevd[1756]: Using default interface naming scheme 'v252'.
Oct 16 01:46:55 ip-172-31-46-198 audit[1]: SERVICE_START pid=1 uid=0 auid=4294967295 ses=4294967295 subj=system_u:system_r:init_t:s0 msg='unit=systemd-tmpfiles-setup comm="systemd" exe="/usr/lib/systemd/systemd" hostname=? addr=? terminal=? res=success'
Oct 16 01:46:55 ip-172-31-46-198 audit[1]: SERVICE_START pid=1 uid=0 auid=4294967295 ses=4294967295 subj=system_u:system_r:init_t:s0 msg='unit=systemd-udevd comm="systemd" exe="/usr/lib/systemd/systemd" hostname=? addr=? terminal=? res=success'
Oct 16 01:46:55 ip-172-31-46-198 systemd[1]: Finished systemd-tmpfiles-setup.service - Create Volatile Files and Directories.
Oct 16 01:46:55 ip-172-31-46-198 systemd[1]: Started systemd-udevd.service - Rule-based Manager for Device Events and Files.
Oct 16 01:46:55 ip-172-31-46-198 systemd[1]: Starting auditd.service - Security Auditing Service...
Oct 16 01:46:55 ip-172-31-46-198 audit: BPF prog-id=36 op=LOAD
Oct 16 01:46:55 ip-172-31-46-198 systemd[1]: systemd-journal-catalog-update.service - Rebuild Journal Catalog was skipped because of an unmet condition check (ConditionNeedsUpdate=/var).
Oct 16 01:46:55 ip-172-31-46-198 systemd[1]: Starting systemd-resolved.service - Network Name Resolution...
Oct 16 01:46:55 ip-172-31-46-198 audit[1777]: AVC avc:  denied  { setattr } for  pid=1777 comm="auditd" name="audit" dev="xvda1" ino=8519820 scontext=system_u:system_r:auditd_t:s0 tcontext=system_u:object_r:var_log_t:s0 tclass=dir permissive=1
Oct 16 01:46:55 ip-172-31-46-198 audit[1777]: SYSCALL arch=c000003e syscall=90 success=yes exit=0 a0=557f2c320990 a1=1c0 a2=557f2c32099e a3=1a4 items=0 ppid=1767 pid=1777 auid=4294967295 uid=0 gid=0 euid=0 suid=0 fsuid=0 egid=0 sgid=0 fsgid=0 tty=(none) ses=4294967295 comm="auditd" exe="/usr/sbin/auditd" subj=system_u:system_r:auditd_t:s0 key=(null)
Oct 16 01:46:55 ip-172-31-46-198 audit: PROCTITLE proctitle="/sbin/auditd"
Oct 16 01:46:55 ip-172-31-46-198 audit[1777]: AVC avc:  denied  { create } for  pid=1777 comm="auditd" name="audit.log" scontext=system_u:system_r:auditd_t:s0 tcontext=system_u:object_r:var_log_t:s0 tclass=file permissive=1
Oct 16 01:46:55 ip-172-31-46-198 audit[1777]: AVC avc:  denied  { read open } for  pid=1777 comm="auditd" path="/var/log/audit/audit.log" dev="xvda1" ino=8642048 scontext=system_u:system_r:auditd_t:s0 tcontext=system_u:object_r:var_log_t:s0 tclass=file permissive=1
Oct 16 01:46:55 ip-172-31-46-198 audit[1777]: SYSCALL arch=c000003e syscall=257 success=yes exit=5 a0=ffffff9c a1=557f2c320900 a2=4c0 a3=1a0 items=4 ppid=1767 pid=1777 auid=4294967295 uid=0 gid=0 euid=0 suid=0 fsuid=0 egid=0 sgid=0 fsgid=0 tty=(none) ses=4294967295 comm="auditd" exe="/usr/sbin/auditd" subj=system_u:system_r:auditd_t:s0 key=(null)
Oct 16 01:46:55 ip-172-31-46-198 audit: CWD cwd="/"
Oct 16 01:46:55 ip-172-31-46-198 audit: PATH item=0 name=(null) inode=8519820 dev=ca:01 mode=040700 ouid=0 ogid=0 rdev=00:00 obj=system_u:object_r:var_log_t:s0 nametype=PARENT cap_fp=0 cap_fi=0 cap_fe=0 cap_fver=0 cap_frootid=0
Oct 16 01:46:55 ip-172-31-46-198 audit: PATH item=1 name=(null) nametype=CREATE cap_fp=0 cap_fi=0 cap_fe=0 cap_fver=0 cap_frootid=0
Oct 16 01:46:55 ip-172-31-46-198 audit: PATH item=2 name=(null) inode=8519820 dev=ca:01 mode=040700 ouid=0 ogid=0 rdev=00:00 obj=system_u:object_r:var_log_t:s0 nametype=PARENT cap_fp=0 cap_fi=0 cap_fe=0 cap_fver=0 cap_frootid=0
Oct 16 01:46:55 ip-172-31-46-198 audit: PATH item=3 name=(null) inode=8642048 dev=ca:01 mode=0100640 ouid=0 ogid=0 rdev=00:00 obj=system_u:object_r:var_log_t:s0 nametype=CREATE cap_fp=0 cap_fi=0 cap_fe=0 cap_fver=0 cap_frootid=0
Oct 16 01:46:55 ip-172-31-46-198 audit: PROCTITLE proctitle="/sbin/auditd"
Oct 16 01:46:55 ip-172-31-46-198 audit[1777]: AVC avc:  denied  { setattr } for  pid=1777 comm="auditd" name="audit.log" dev="xvda1" ino=8642048 scontext=system_u:system_r:auditd_t:s0 tcontext=system_u:object_r:var_log_t:s0 tclass=file permissive=1
Oct 16 01:46:55 ip-172-31-46-198 audit[1777]: SYSCALL arch=c000003e syscall=91 success=yes exit=0 a0=5 a1=180 a2=0 a3=0 items=0 ppid=1767 pid=1777 auid=4294967295 uid=0 gid=0 euid=0 suid=0 fsuid=0 egid=0 sgid=0 fsgid=0 tty=(none) ses=4294967295 comm="auditd" exe="/usr/sbin/auditd" subj=system_u:system_r:auditd_t:s0 key=(null)
Oct 16 01:46:55 ip-172-31-46-198 audit: PROCTITLE proctitle="/sbin/auditd"
Oct 16 01:46:55 ip-172-31-46-198 auditd[1777]: No plugins found, not dispatching events
Oct 16 01:46:55 ip-172-31-46-198 audit: CONFIG_CHANGE op=set audit_enabled=1 old=1 auid=4294967295 ses=4294967295 subj=system_u:system_r:auditd_t:s0 res=1
Oct 16 01:46:55 ip-172-31-46-198 audit[1777]: SYSCALL arch=c000003e syscall=44 success=yes exit=60 a0=3 a1=7fffa10cf5a0 a2=3c a3=0 items=0 ppid=1767 pid=1777 auid=4294967295 uid=0 gid=0 euid=0 suid=0 fsuid=0 egid=0 sgid=0 fsgid=0 tty=(none) ses=4294967295 comm="auditd" exe="/usr/sbin/auditd" subj=system_u:system_r:auditd_t:s0 key=(null)
Oct 16 01:46:55 ip-172-31-46-198 audit: PROCTITLE proctitle="/sbin/auditd"
Oct 16 01:46:55 ip-172-31-46-198 audit: CONFIG_CHANGE op=set audit_pid=1777 old=0 auid=4294967295 ses=4294967295 subj=system_u:system_r:auditd_t:s0 res=1
Oct 16 01:46:55 ip-172-31-46-198 audit[1777]: SYSCALL arch=c000003e syscall=44 success=yes exit=60 a0=3 a1=7fffa10cd250 a2=3c a3=0 items=0 ppid=1767 pid=1777 auid=4294967295 uid=0 gid=0 euid=0 suid=0 fsuid=0 egid=0 sgid=0 fsgid=0 tty=(none) ses=4294967295 comm="auditd" exe="/usr/sbin/auditd" subj=system_u:system_r:auditd_t:s0 key=(null)
Oct 16 01:46:55 ip-172-31-46-198 audit: PROCTITLE proctitle="/sbin/auditd"
Oct 16 01:46:55 ip-172-31-46-198 auditd[1777]: Init complete, auditd 3.0.6 listening for events (startup state enable)
Oct 16 01:46:55 ip-172-31-46-198 systemd-resolved[1770]: Positive Trust Anchors:
Oct 16 01:46:55 ip-172-31-46-198 systemd-resolved[1770]: . IN DS 20326 8 2 e06d44b80b8f1d39a95c0b0d7c65d08458e880409bbc683457104237c7f8ec8d
Oct 16 01:46:55 ip-172-31-46-198 systemd-resolved[1770]: Negative trust anchors: home.arpa 10.in-addr.arpa 16.172.in-addr.arpa 17.172.in-addr.arpa 18.172.in-addr.arpa 19.172.in-addr.arpa 20.172.in-addr.arpa 21.172.in-addr.arpa 22.172.in-addr.arpa 23.172.in-addr.arpa 24.172.in-addr.arpa 25.172.in-addr.arpa 26.172.in-addr.arpa 27.172.in-addr.arpa 28.172.in-addr.arpa 29.172.in-addr.arpa 30.172.in-addr.arpa 31.172.in-addr.arpa 168.192.in-addr.arpa d.f.ip6.arpa corp home internal intranet lan local private test
Oct 16 01:46:55 ip-172-31-46-198 augenrules[1780]: /sbin/augenrules: No change
Oct 16 01:46:55 ip-172-31-46-198 audit: CONFIG_CHANGE auid=4294967295 ses=4294967295 subj=system_u:system_r:unconfined_service_t:s0 op=add_rule key=(null) list=1 res=1
Oct 16 01:46:55 ip-172-31-46-198 audit[1790]: SYSCALL arch=c000003e syscall=44 success=yes exit=1056 a0=3 a1=7ffd651b8e20 a2=420 a3=0 items=0 ppid=1780 pid=1790 auid=4294967295 uid=0 gid=0 euid=0 suid=0 fsuid=0 egid=0 sgid=0 fsgid=0 tty=(none) ses=4294967295 comm="auditctl" exe="/usr/sbin/auditctl" subj=system_u:system_r:unconfined_service_t:s0 key=(null)
Oct 16 01:46:55 ip-172-31-46-198 audit: PROCTITLE proctitle=2F7362696E2F617564697463746C002D52002F6574632F61756469742F61756469742E72756C6573
Oct 16 01:46:55 ip-172-31-46-198 augenrules[1790]: No rules
Oct 16 01:46:55 ip-172-31-46-198 audit[1]: SERVICE_START pid=1 uid=0 auid=4294967295 ses=4294967295 subj=system_u:system_r:init_t:s0 msg='unit=auditd comm="systemd" exe="/usr/lib/systemd/systemd" hostname=? addr=? terminal=? res=success'
Oct 16 01:46:55 ip-172-31-46-198 systemd[1]: Started auditd.service - Security Auditing Service.
Oct 16 01:46:55 ip-172-31-46-198 systemd-resolved[1770]: Using system hostname 'ip-172-31-46-198.eu-west-1.compute.internal'.
Oct 16 01:46:55 ip-172-31-46-198 systemd[1]: Starting systemd-update-utmp.service - Record System Boot/Shutdown in UTMP...
Oct 16 01:46:55 ip-172-31-46-198 audit[1]: SERVICE_START pid=1 uid=0 auid=4294967295 ses=4294967295 subj=system_u:system_r:init_t:s0 msg='unit=systemd-resolved comm="systemd" exe="/usr/lib/systemd/systemd" hostname=? addr=? terminal=? res=success'
Oct 16 01:46:55 ip-172-31-46-198 systemd[1]: Started systemd-resolved.service - Network Name Resolution.
Oct 16 01:46:55 ip-172-31-46-198 systemd[1]: Reached target nss-lookup.target - Host and Network Name Lookups.
Oct 16 01:46:55 ip-172-31-46-198 audit[1794]: SYSTEM_BOOT pid=1794 uid=0 auid=4294967295 ses=4294967295 subj=system_u:system_r:init_t:s0 msg=' comm="systemd-update-utmp" exe="/usr/lib/systemd/systemd-update-utmp" hostname=? addr=? terminal=? res=success'
Oct 16 01:46:55 ip-172-31-46-198 audit[1]: SERVICE_START pid=1 uid=0 auid=4294967295 ses=4294967295 subj=system_u:system_r:init_t:s0 msg='unit=systemd-update-utmp comm="systemd" exe="/usr/lib/systemd/systemd" hostname=? addr=? terminal=? res=success'
Oct 16 01:46:55 ip-172-31-46-198 systemd[1]: Finished systemd-update-utmp.service - Record System Boot/Shutdown in UTMP.
Oct 16 01:46:55 ip-172-31-46-198 systemd[1]: Condition check resulted in dev-ttyS0.device - /dev/ttyS0 being skipped.
Oct 16 01:46:55 ip-172-31-46-198 kernel: vif vif-0 enX0: renamed from eth0
Oct 16 01:46:55 ip-172-31-46-198 kernel: input: Power Button as /devices/LNXSYSTM:00/LNXPWRBN:00/input/input0
Oct 16 01:46:55 ip-172-31-46-198 kernel: i8042: PNP: PS/2 Controller [PNP0303:PS2K,PNP0f13:PS2M] at 0x60,0x64 irq 1,12
Oct 16 01:46:55 ip-172-31-46-198 kernel: serio: i8042 KBD port at 0x60,0x64 irq 1
Oct 16 01:46:55 ip-172-31-46-198 kernel: serio: i8042 AUX port at 0x60,0x64 irq 12
Oct 16 01:46:55 ip-172-31-46-198 kernel: ACPI: button: Power Button [PWRF]
Oct 16 01:46:55 ip-172-31-46-198 kernel: input: Sleep Button as /devices/LNXSYSTM:00/LNXSLPBN:00/input/input1
Oct 16 01:46:55 ip-172-31-46-198 systemd[1]: Condition check resulted in dev-disk-by\x2duuid-3021\x2d32B7.device - /dev/disk/by-uuid/3021-32B7 being skipped.
Oct 16 01:46:55 ip-172-31-46-198 systemd[1]: Starting systemd-fsck@dev-disk-by\x2duuid-3021\x2d32B7.service - File System Check on /dev/disk/by-uuid/3021-32B7...
Oct 16 01:46:55 ip-172-31-46-198 systemd[1]: Reloading.
Oct 16 01:46:55 ip-172-31-46-198 systemd-fsck[1839]: fsck.fat 4.2 (2021-01-31)
Oct 16 01:46:55 ip-172-31-46-198 systemd-fsck[1839]: /dev/xvda128: 5 files, 657/5101 clusters
Oct 16 01:46:55 ip-172-31-46-198 kernel: ACPI: button: Sleep Button [SLPF]
Oct 16 01:46:55 ip-172-31-46-198 kernel: SCSI subsystem initialized
Oct 16 01:46:55 ip-172-31-46-198 zram_generator::config[1870]: zram0: system has too much memory (949MB), limit is 800MB, ignoring.
Oct 16 01:46:55 ip-172-31-46-198 kernel: scsi host0: ata_piix
Oct 16 01:46:55 ip-172-31-46-198 kernel: scsi host1: ata_piix
Oct 16 01:46:55 ip-172-31-46-198 kernel: ata1: PATA max MWDMA2 cmd 0x1f0 ctl 0x3f6 bmdma 0xc100 irq 14
Oct 16 01:46:55 ip-172-31-46-198 kernel: ata2: PATA max MWDMA2 cmd 0x170 ctl 0x376 bmdma 0xc108 irq 15
Oct 16 01:46:55 ip-172-31-46-198 systemd[1]: /usr/lib/systemd/system/acpid.socket:6: ListenStream= references a path below legacy directory /var/run/, updating /var/run/acpid.socket  /run/acpid.socket; please update the unit file accordingly.
Oct 16 01:46:56 ip-172-31-46-198 audit: BPF prog-id=37 op=LOAD
Oct 16 01:46:56 ip-172-31-46-198 audit: BPF prog-id=38 op=LOAD
Oct 16 01:46:56 ip-172-31-46-198 audit: BPF prog-id=34 op=UNLOAD
Oct 16 01:46:56 ip-172-31-46-198 audit: BPF prog-id=35 op=UNLOAD
Oct 16 01:46:56 ip-172-31-46-198 audit: BPF prog-id=39 op=LOAD
Oct 16 01:46:56 ip-172-31-46-198 audit: BPF prog-id=36 op=UNLOAD
Oct 16 01:46:56 ip-172-31-46-198 audit: BPF prog-id=40 op=LOAD
Oct 16 01:46:56 ip-172-31-46-198 audit: BPF prog-id=31 op=UNLOAD
Oct 16 01:46:56 ip-172-31-46-198 audit: BPF prog-id=41 op=LOAD
Oct 16 01:46:56 ip-172-31-46-198 audit: BPF prog-id=42 op=LOAD
Oct 16 01:46:56 ip-172-31-46-198 audit: BPF prog-id=32 op=UNLOAD
Oct 16 01:46:56 ip-172-31-46-198 audit: BPF prog-id=33 op=UNLOAD
Oct 16 01:46:56 ip-172-31-46-198 audit[1]: SERVICE_START pid=1 uid=0 auid=4294967295 ses=4294967295 subj=system_u:system_r:init_t:s0 msg='unit=systemd-fsck@dev-disk-by\x2duuid-3021\x2d32B7 comm="systemd" exe="/usr/lib/systemd/systemd" hostname=? addr=? terminal=? res=success'
Oct 16 01:46:56 ip-172-31-46-198 systemd[1]: Finished systemd-fsck@dev-disk-by\x2duuid-3021\x2d32B7.service - File System Check on /dev/disk/by-uuid/3021-32B7.
Oct 16 01:46:56 ip-172-31-46-198 systemd[1]: Created slice system-policy\x2droutes.slice - Slice /system/policy-routes.
Oct 16 01:46:56 ip-172-31-46-198 systemd[1]: Mounting boot-efi.mount - /boot/efi...
Oct 16 01:46:56 ip-172-31-46-198 systemd[1]: Mounting var-lib-nfs-rpc_pipefs.mount - RPC Pipe File System...
Oct 16 01:46:56 ip-172-31-46-198 systemd[1]: import-state.service - Import network configuration from initramfs was skipped because of an unmet condition check (ConditionDirectoryNotEmpty=/run/initramfs/state).
Oct 16 01:46:56 ip-172-31-46-198 systemd[1]: ldconfig.service - Rebuild Dynamic Linker Cache was skipped because no trigger condition checks were met.
Oct 16 01:46:56 ip-172-31-46-198 systemd[1]: Starting modprobe@dm_mod.service - Load Kernel Module dm_mod...
Oct 16 01:46:56 ip-172-31-46-198 systemd[1]: Starting modprobe@efi_pstore.service - Load Kernel Module efi_pstore...
Oct 16 01:46:56 ip-172-31-46-198 systemd[1]: Starting modprobe@loop.service - Load Kernel Module loop...
Oct 16 01:46:56 ip-172-31-46-198 systemd[1]: selinux-autorelabel-mark.service - Mark the need to relabel after reboot was skipped because of an unmet condition check (ConditionSecurity=!selinux).
Oct 16 01:46:56 ip-172-31-46-198 systemd[1]: systemd-binfmt.service - Set Up Additional Binary Formats was skipped because no trigger condition checks were met.
Oct 16 01:46:56 ip-172-31-46-198 systemd[1]: systemd-boot-system-token.service - Store a System Token in an EFI Variable was skipped because of an unmet condition check (ConditionPathExists=/sys/firmware/efi/efivars/LoaderFeatures-4a67b082-0a4c-41cf-b6c7-440b29bb8c4f).
Oct 16 01:46:56 ip-172-31-46-198 systemd[1]: systemd-firstboot.service - First Boot Wizard was skipped because of an unmet condition check (ConditionFirstBoot=yes).
Oct 16 01:46:56 ip-172-31-46-198 systemd[1]: first-boot-complete.target - First Boot Complete was skipped because of an unmet condition check (ConditionFirstBoot=yes).
Oct 16 01:46:56 ip-172-31-46-198 systemd[1]: systemd-hwdb-update.service - Rebuild Hardware Database was skipped because of an unmet condition check (ConditionNeedsUpdate=/etc).
Oct 16 01:46:56 ip-172-31-46-198 systemd[1]: systemd-journal-catalog-update.service - Rebuild Journal Catalog was skipped because of an unmet condition check (ConditionNeedsUpdate=/var).
Oct 16 01:46:56 ip-172-31-46-198 systemd[1]: systemd-machine-id-commit.service - Commit a transient machine-id on disk was skipped because of an unmet condition check (ConditionPathIsMountPoint=/etc/machine-id).
Oct 16 01:46:56 ip-172-31-46-198 systemd[1]: systemd-modules-load.service - Load Kernel Modules was skipped because no trigger condition checks were met.
Oct 16 01:46:56 ip-172-31-46-198 systemd[1]: systemd-sysusers.service - Create System Users was skipped because no trigger condition checks were met.
Oct 16 01:46:56 ip-172-31-46-198 systemd[1]: modprobe@dm_mod.service: Deactivated successfully.
Oct 16 01:46:56 ip-172-31-46-198 audit[1]: SERVICE_START pid=1 uid=0 auid=4294967295 ses=4294967295 subj=system_u:system_r:init_t:s0 msg='unit=modprobe@dm_mod comm="systemd" exe="/usr/lib/systemd/systemd" hostname=? addr=? terminal=? res=success'
